{"timestamp":"2026-07-23T16:59:55.903532Z","level":"info","event":"Filling up the DagBag from /opt/airflow/dags/dag_orchestrate_2.py","logger":"airflow.dag_processing.dagbag.BundleDagBag","filename":"dagbag.py","lineno":469}
{"timestamp":"2026-07-23T17:00:27.135713Z","level":"info","event":"Filling up the DagBag from /opt/airflow/dags/dag_orchestrate_2.py","logger":"airflow.dag_processing.dagbag.BundleDagBag","filename":"dagbag.py","lineno":469}
{"timestamp":"2026-07-23T17:00:57.878653Z","level":"info","event":"Filling up the DagBag from /opt/airflow/dags/dag_orchestrate_2.py","logger":"airflow.dag_processing.dagbag.BundleDagBag","filename":"dagbag.py","lineno":469}
{"timestamp":"2026-07-23T17:01:28.279487Z","level":"info","event":"Filling up the DagBag from /opt/airflow/dags/dag_orchestrate_2.py","logger":"airflow.dag_processing.dagbag.BundleDagBag","filename":"dagbag.py","lineno":469}
{"timestamp":"2026-07-23T17:01:59.396235Z","level":"info","event":"Filling up the DagBag from /opt/airflow/dags/dag_orchestrate_2.py","logger":"airflow.dag_processing.dagbag.BundleDagBag","filename":"dagbag.py","lineno":469}
{"timestamp":"2026-07-23T17:02:29.785370Z","level":"info","event":"Filling up the DagBag from /opt/airflow/dags/dag_orchestrate_2.py","logger":"airflow.dag_processing.dagbag.BundleDagBag","filename":"dagbag.py","lineno":469}
{"timestamp":"2026-07-23T17:03:00.104167Z","level":"info","event":"Filling up the DagBag from /opt/airflow/dags/dag_orchestrate_2.py","logger":"airflow.dag_processing.dagbag.BundleDagBag","filename":"dagbag.py","lineno":469}
{"timestamp":"2026-07-23T17:03:30.487890Z","level":"info","event":"Filling up the DagBag from /opt/airflow/dags/dag_orchestrate_2.py","logger":"airflow.dag_processing.dagbag.BundleDagBag","filename":"dagbag.py","lineno":469}
{"timestamp":"2026-07-23T17:04:01.336729Z","level":"info","event":"Filling up the DagBag from /opt/airflow/dags/dag_orchestrate_2.py","logger":"airflow.dag_processing.dagbag.BundleDagBag","filename":"dagbag.py","lineno":469}
{"timestamp":"2026-07-23T17:04:26.255045Z","level":"info","event":"Filling up the DagBag from /opt/airflow/dags/dag_orchestrate_2.py","logger":"airflow.dag_processing.dagbag.BundleDagBag","filename":"dagbag.py","lineno":469}
{"timestamp":"2026-07-23T17:04:26.279786Z","level":"error","event":"Failed to import: /opt/airflow/dags/dag_orchestrate_2.py","logger":"airflow.dag_processing.importers.python_importer","filename":"python_importer.py","lineno":244,"error_detail":[{"exc_type":"SyntaxError","exc_value":"expected '(' (dag_orchestrate_2.py, line 4)","exc_notes":[],"syntax_error":{"offset":24,"filename":"/opt/airflow/dags/dag_orchestrate_2.py","line":"def second_orchestrator`_dag():\n","lineno":4,"msg":"expected '('"},"is_cause":false,"frames":[{"filename":"/home/airflow/.local/lib/python3.13/site-packages/airflow/dag_processing/importers/python_importer.py","lineno":238,"name":"parse"},{"filename":"<frozen importlib._bootstrap_external>","lineno":1019,"name":"exec_module"},{"filename":"<frozen importlib._bootstrap_external>","lineno":1157,"name":"get_code"},{"filename":"<frozen importlib._bootstrap_external>","lineno":1087,"name":"source_to_code"},{"filename":"<frozen importlib._bootstrap>","lineno":488,"name":"_call_with_frames_removed"}],"is_group":false,"exceptions":[]}]}
{"timestamp":"2026-07-23T17:04:26.281839Z","level":"error","event":"Error loading DAG from dag_orchestrate_2.py: expected '(' (dag_orchestrate_2.py, line 4)","logger":"airflow.dag_processing.dagbag.BundleDagBag","filename":"dagbag.py","lineno":327}
{"timestamp":"2026-07-23T17:04:27.401250Z","level":"info","event":"Filling up the DagBag from /opt/airflow/dags/dag_orchestrate_2.py","logger":"airflow.dag_processing.dagbag.BundleDagBag","filename":"dagbag.py","lineno":469}
{"timestamp":"2026-07-23T17:04:27.482319Z","level":"error","event":"Failed to import: /opt/airflow/dags/dag_orchestrate_2.py","logger":"airflow.dag_processing.importers.python_importer","filename":"python_importer.py","lineno":244,"error_detail":[{"exc_type":"NameError","exc_value":"name 'second_dag' is not defined","exc_notes":[],"syntax_error":null,"is_cause":false,"frames":[{"filename":"/home/airflow/.local/lib/python3.13/site-packages/airflow/dag_processing/importers/python_importer.py","lineno":238,"name":"parse"},{"filename":"<frozen importlib._bootstrap_external>","lineno":1023,"name":"exec_module"},{"filename":"<frozen importlib._bootstrap>","lineno":488,"name":"_call_with_frames_removed"},{"filename":"/opt/airflow/dags/dag_orchestrate_2.py","lineno":25,"name":"<module>"}],"is_group":false,"exceptions":[]}]}
{"timestamp":"2026-07-23T17:04:27.488603Z","level":"error","event":"Error loading DAG from dag_orchestrate_2.py: name 'second_dag' is not defined","logger":"airflow.dag_processing.dagbag.BundleDagBag","filename":"dagbag.py","lineno":327}
{"timestamp":"2026-07-23T17:04:33.820269Z","level":"info","event":"Filling up the DagBag from /opt/airflow/dags/dag_orchestrate_2.py","logger":"airflow.dag_processing.dagbag.BundleDagBag","filename":"dagbag.py","lineno":469}
{"timestamp":"2026-07-23T17:05:04.381181Z","level":"info","event":"Filling up the DagBag from /opt/airflow/dags/dag_orchestrate_2.py","logger":"airflow.dag_processing.dagbag.BundleDagBag","filename":"dagbag.py","lineno":469}
{"timestamp":"2026-07-23T17:05:35.337023Z","level":"info","event":"Filling up the DagBag from /opt/airflow/dags/dag_orchestrate_2.py","logger":"airflow.dag_processing.dagbag.BundleDagBag","filename":"dagbag.py","lineno":469}
{"timestamp":"2026-07-23T17:06:05.806375Z","level":"info","event":"Filling up the DagBag from /opt/airflow/dags/dag_orchestrate_2.py","logger":"airflow.dag_processing.dagbag.BundleDagBag","filename":"dagbag.py","lineno":469}
{"timestamp":"2026-07-23T17:06:36.552777Z","level":"info","event":"Filling up the DagBag from /opt/airflow/dags/dag_orchestrate_2.py","logger":"airflow.dag_processing.dagbag.BundleDagBag","filename":"dagbag.py","lineno":469}
{"timestamp":"2026-07-23T17:07:07.020981Z","level":"info","event":"Filling up the DagBag from /opt/airflow/dags/dag_orchestrate_2.py","logger":"airflow.dag_processing.dagbag.BundleDagBag","filename":"dagbag.py","lineno":469}
{"timestamp":"2026-07-23T17:07:37.499503Z","level":"info","event":"Filling up the DagBag from /opt/airflow/dags/dag_orchestrate_2.py","logger":"airflow.dag_processing.dagbag.BundleDagBag","filename":"dagbag.py","lineno":469}
{"timestamp":"2026-07-23T17:08:08.077151Z","level":"info","event":"Filling up the DagBag from /opt/airflow/dags/dag_orchestrate_2.py","logger":"airflow.dag_processing.dagbag.BundleDagBag","filename":"dagbag.py","lineno":469}
{"timestamp":"2026-07-23T17:08:38.360465Z","level":"info","event":"Filling up the DagBag from /opt/airflow/dags/dag_orchestrate_2.py","logger":"airflow.dag_processing.dagbag.BundleDagBag","filename":"dagbag.py","lineno":469}
{"timestamp":"2026-07-23T17:09:08.585988Z","level":"info","event":"Filling up the DagBag from /opt/airflow/dags/dag_orchestrate_2.py","logger":"airflow.dag_processing.dagbag.BundleDagBag","filename":"dagbag.py","lineno":469}
{"timestamp":"2026-07-23T17:09:39.445315Z","level":"info","event":"Filling up the DagBag from /opt/airflow/dags/dag_orchestrate_2.py","logger":"airflow.dag_processing.dagbag.BundleDagBag","filename":"dagbag.py","lineno":469}
{"timestamp":"2026-07-23T17:10:09.803058Z","level":"info","event":"Filling up the DagBag from /opt/airflow/dags/dag_orchestrate_2.py","logger":"airflow.dag_processing.dagbag.BundleDagBag","filename":"dagbag.py","lineno":469}
{"timestamp":"2026-07-23T17:10:40.278025Z","level":"info","event":"Filling up the DagBag from /opt/airflow/dags/dag_orchestrate_2.py","logger":"airflow.dag_processing.dagbag.BundleDagBag","filename":"dagbag.py","lineno":469}
{"timestamp":"2026-07-23T17:11:10.643185Z","level":"info","event":"Filling up the DagBag from /opt/airflow/dags/dag_orchestrate_2.py","logger":"airflow.dag_processing.dagbag.BundleDagBag","filename":"dagbag.py","lineno":469}
{"timestamp":"2026-07-23T17:11:41.017985Z","level":"info","event":"Filling up the DagBag from /opt/airflow/dags/dag_orchestrate_2.py","logger":"airflow.dag_processing.dagbag.BundleDagBag","filename":"dagbag.py","lineno":469}
{"timestamp":"2026-07-23T17:12:11.280414Z","level":"info","event":"Filling up the DagBag from /opt/airflow/dags/dag_orchestrate_2.py","logger":"airflow.dag_processing.dagbag.BundleDagBag","filename":"dagbag.py","lineno":469}
{"timestamp":"2026-07-23T17:12:42.277543Z","level":"info","event":"Filling up the DagBag from /opt/airflow/dags/dag_orchestrate_2.py","logger":"airflow.dag_processing.dagbag.BundleDagBag","filename":"dagbag.py","lineno":469}
{"timestamp":"2026-07-23T17:13:12.631460Z","level":"info","event":"Filling up the DagBag from /opt/airflow/dags/dag_orchestrate_2.py","logger":"airflow.dag_processing.dagbag.BundleDagBag","filename":"dagbag.py","lineno":469}
{"timestamp":"2026-07-23T17:13:43.163225Z","level":"info","event":"Filling up the DagBag from /opt/airflow/dags/dag_orchestrate_2.py","logger":"airflow.dag_processing.dagbag.BundleDagBag","filename":"dagbag.py","lineno":469}
{"timestamp":"2026-07-23T17:14:13.750271Z","level":"info","event":"Filling up the DagBag from /opt/airflow/dags/dag_orchestrate_2.py","logger":"airflow.dag_processing.dagbag.BundleDagBag","filename":"dagbag.py","lineno":469}
{"timestamp":"2026-07-23T17:14:44.051887Z","level":"info","event":"Filling up the DagBag from /opt/airflow/dags/dag_orchestrate_2.py","logger":"airflow.dag_processing.dagbag.BundleDagBag","filename":"dagbag.py","lineno":469}
{"timestamp":"2026-07-23T17:15:14.446606Z","level":"info","event":"Filling up the DagBag from /opt/airflow/dags/dag_orchestrate_2.py","logger":"airflow.dag_processing.dagbag.BundleDagBag","filename":"dagbag.py","lineno":469}
{"timestamp":"2026-07-23T17:15:45.182193Z","level":"info","event":"Filling up the DagBag from /opt/airflow/dags/dag_orchestrate_2.py","logger":"airflow.dag_processing.dagbag.BundleDagBag","filename":"dagbag.py","lineno":469}
{"timestamp":"2026-07-23T17:16:15.446309Z","level":"info","event":"Filling up the DagBag from /opt/airflow/dags/dag_orchestrate_2.py","logger":"airflow.dag_processing.dagbag.BundleDagBag","filename":"dagbag.py","lineno":469}
{"timestamp":"2026-07-23T17:16:46.389898Z","level":"info","event":"Filling up the DagBag from /opt/airflow/dags/dag_orchestrate_2.py","logger":"airflow.dag_processing.dagbag.BundleDagBag","filename":"dagbag.py","lineno":469}
{"timestamp":"2026-07-23T17:17:16.964705Z","level":"info","event":"Filling up the DagBag from /opt/airflow/dags/dag_orchestrate_2.py","logger":"airflow.dag_processing.dagbag.BundleDagBag","filename":"dagbag.py","lineno":469}
{"timestamp":"2026-07-23T17:17:47.535383Z","level":"info","event":"Filling up the DagBag from /opt/airflow/dags/dag_orchestrate_2.py","logger":"airflow.dag_processing.dagbag.BundleDagBag","filename":"dagbag.py","lineno":469}
{"timestamp":"2026-07-23T17:18:17.873551Z","level":"info","event":"Filling up the DagBag from /opt/airflow/dags/dag_orchestrate_2.py","logger":"airflow.dag_processing.dagbag.BundleDagBag","filename":"dagbag.py","lineno":469}
{"timestamp":"2026-07-23T17:18:48.603517Z","level":"info","event":"Filling up the DagBag from /opt/airflow/dags/dag_orchestrate_2.py","logger":"airflow.dag_processing.dagbag.BundleDagBag","filename":"dagbag.py","lineno":469}
{"timestamp":"2026-07-23T17:19:19.167387Z","level":"info","event":"Filling up the DagBag from /opt/airflow/dags/dag_orchestrate_2.py","logger":"airflow.dag_processing.dagbag.BundleDagBag","filename":"dagbag.py","lineno":469}
{"timestamp":"2026-07-23T17:19:49.407281Z","level":"info","event":"Filling up the DagBag from /opt/airflow/dags/dag_orchestrate_2.py","logger":"airflow.dag_processing.dagbag.BundleDagBag","filename":"dagbag.py","lineno":469}
{"timestamp":"2026-07-23T17:20:20.098630Z","level":"info","event":"Filling up the DagBag from /opt/airflow/dags/dag_orchestrate_2.py","logger":"airflow.dag_processing.dagbag.BundleDagBag","filename":"dagbag.py","lineno":469}
{"timestamp":"2026-07-23T17:20:50.402455Z","level":"info","event":"Filling up the DagBag from /opt/airflow/dags/dag_orchestrate_2.py","logger":"airflow.dag_processing.dagbag.BundleDagBag","filename":"dagbag.py","lineno":469}
{"timestamp":"2026-07-23T17:21:20.735753Z","level":"info","event":"Filling up the DagBag from /opt/airflow/dags/dag_orchestrate_2.py","logger":"airflow.dag_processing.dagbag.BundleDagBag","filename":"dagbag.py","lineno":469}
{"timestamp":"2026-07-23T17:21:51.062766Z","level":"info","event":"Filling up the DagBag from /opt/airflow/dags/dag_orchestrate_2.py","logger":"airflow.dag_processing.dagbag.BundleDagBag","filename":"dagbag.py","lineno":469}
{"timestamp":"2026-07-23T17:22:21.466231Z","level":"info","event":"Filling up the DagBag from /opt/airflow/dags/dag_orchestrate_2.py","logger":"airflow.dag_processing.dagbag.BundleDagBag","filename":"dagbag.py","lineno":469}
{"timestamp":"2026-07-23T17:22:51.829925Z","level":"info","event":"Filling up the DagBag from /opt/airflow/dags/dag_orchestrate_2.py","logger":"airflow.dag_processing.dagbag.BundleDagBag","filename":"dagbag.py","lineno":469}
{"timestamp":"2026-07-23T17:23:22.568294Z","level":"info","event":"Filling up the DagBag from /opt/airflow/dags/dag_orchestrate_2.py","logger":"airflow.dag_processing.dagbag.BundleDagBag","filename":"dagbag.py","lineno":469}
{"timestamp":"2026-07-23T17:23:53.318458Z","level":"info","event":"Filling up the DagBag from /opt/airflow/dags/dag_orchestrate_2.py","logger":"airflow.dag_processing.dagbag.BundleDagBag","filename":"dagbag.py","lineno":469}
{"timestamp":"2026-07-23T17:24:24.266808Z","level":"info","event":"Filling up the DagBag from /opt/airflow/dags/dag_orchestrate_2.py","logger":"airflow.dag_processing.dagbag.BundleDagBag","filename":"dagbag.py","lineno":469}
{"timestamp":"2026-07-23T17:24:54.715265Z","level":"info","event":"Filling up the DagBag from /opt/airflow/dags/dag_orchestrate_2.py","logger":"airflow.dag_processing.dagbag.BundleDagBag","filename":"dagbag.py","lineno":469}
{"timestamp":"2026-07-23T17:25:25.180014Z","level":"info","event":"Filling up the DagBag from /opt/airflow/dags/dag_orchestrate_2.py","logger":"airflow.dag_processing.dagbag.BundleDagBag","filename":"dagbag.py","lineno":469}
{"timestamp":"2026-07-23T17:25:56.164038Z","level":"info","event":"Filling up the DagBag from /opt/airflow/dags/dag_orchestrate_2.py","logger":"airflow.dag_processing.dagbag.BundleDagBag","filename":"dagbag.py","lineno":469}
{"timestamp":"2026-07-23T17:26:26.481698Z","level":"info","event":"Filling up the DagBag from /opt/airflow/dags/dag_orchestrate_2.py","logger":"airflow.dag_processing.dagbag.BundleDagBag","filename":"dagbag.py","lineno":469}
{"timestamp":"2026-07-23T17:26:56.868985Z","level":"info","event":"Filling up the DagBag from /opt/airflow/dags/dag_orchestrate_2.py","logger":"airflow.dag_processing.dagbag.BundleDagBag","filename":"dagbag.py","lineno":469}
{"timestamp":"2026-07-23T17:27:27.909711Z","level":"info","event":"Filling up the DagBag from /opt/airflow/dags/dag_orchestrate_2.py","logger":"airflow.dag_processing.dagbag.BundleDagBag","filename":"dagbag.py","lineno":469}
{"timestamp":"2026-07-23T17:27:58.895211Z","level":"info","event":"Filling up the DagBag from /opt/airflow/dags/dag_orchestrate_2.py","logger":"airflow.dag_processing.dagbag.BundleDagBag","filename":"dagbag.py","lineno":469}
{"timestamp":"2026-07-23T17:28:29.720177Z","level":"info","event":"Filling up the DagBag from /opt/airflow/dags/dag_orchestrate_2.py","logger":"airflow.dag_processing.dagbag.BundleDagBag","filename":"dagbag.py","lineno":469}
{"timestamp":"2026-07-23T17:29:00.342505Z","level":"info","event":"Filling up the DagBag from /opt/airflow/dags/dag_orchestrate_2.py","logger":"airflow.dag_processing.dagbag.BundleDagBag","filename":"dagbag.py","lineno":469}
{"timestamp":"2026-07-23T17:29:31.150630Z","level":"info","event":"Filling up the DagBag from /opt/airflow/dags/dag_orchestrate_2.py","logger":"airflow.dag_processing.dagbag.BundleDagBag","filename":"dagbag.py","lineno":469}
{"timestamp":"2026-07-23T17:30:01.715651Z","level":"info","event":"Filling up the DagBag from /opt/airflow/dags/dag_orchestrate_2.py","logger":"airflow.dag_processing.dagbag.BundleDagBag","filename":"dagbag.py","lineno":469}
{"timestamp":"2026-07-23T17:30:32.617459Z","level":"info","event":"Filling up the DagBag from /opt/airflow/dags/dag_orchestrate_2.py","logger":"airflow.dag_processing.dagbag.BundleDagBag","filename":"dagbag.py","lineno":469}
{"timestamp":"2026-07-23T17:31:03.231738Z","level":"info","event":"Filling up the DagBag from /opt/airflow/dags/dag_orchestrate_2.py","logger":"airflow.dag_processing.dagbag.BundleDagBag","filename":"dagbag.py","lineno":469}
{"timestamp":"2026-07-23T17:31:33.860457Z","level":"info","event":"Filling up the DagBag from /opt/airflow/dags/dag_orchestrate_2.py","logger":"airflow.dag_processing.dagbag.BundleDagBag","filename":"dagbag.py","lineno":469}
{"timestamp":"2026-07-23T17:32:04.506844Z","level":"info","event":"Filling up the DagBag from /opt/airflow/dags/dag_orchestrate_2.py","logger":"airflow.dag_processing.dagbag.BundleDagBag","filename":"dagbag.py","lineno":469}
{"timestamp":"2026-07-23T17:32:35.284396Z","level":"info","event":"Filling up the DagBag from /opt/airflow/dags/dag_orchestrate_2.py","logger":"airflow.dag_processing.dagbag.BundleDagBag","filename":"dagbag.py","lineno":469}
{"timestamp":"2026-07-23T17:33:05.894737Z","level":"info","event":"Filling up the DagBag from /opt/airflow/dags/dag_orchestrate_2.py","logger":"airflow.dag_processing.dagbag.BundleDagBag","filename":"dagbag.py","lineno":469}
{"timestamp":"2026-07-23T17:33:36.468669Z","level":"info","event":"Filling up the DagBag from /opt/airflow/dags/dag_orchestrate_2.py","logger":"airflow.dag_processing.dagbag.BundleDagBag","filename":"dagbag.py","lineno":469}
{"timestamp":"2026-07-23T17:34:07.101954Z","level":"info","event":"Filling up the DagBag from /opt/airflow/dags/dag_orchestrate_2.py","logger":"airflow.dag_processing.dagbag.BundleDagBag","filename":"dagbag.py","lineno":469}
{"timestamp":"2026-07-23T17:34:37.720706Z","level":"info","event":"Filling up the DagBag from /opt/airflow/dags/dag_orchestrate_2.py","logger":"airflow.dag_processing.dagbag.BundleDagBag","filename":"dagbag.py","lineno":469}
{"timestamp":"2026-07-23T17:35:08.477490Z","level":"info","event":"Filling up the DagBag from /opt/airflow/dags/dag_orchestrate_2.py","logger":"airflow.dag_processing.dagbag.BundleDagBag","filename":"dagbag.py","lineno":469}
{"timestamp":"2026-07-23T17:35:39.060447Z","level":"info","event":"Filling up the DagBag from /opt/airflow/dags/dag_orchestrate_2.py","logger":"airflow.dag_processing.dagbag.BundleDagBag","filename":"dagbag.py","lineno":469}
{"timestamp":"2026-07-23T17:36:09.655200Z","level":"info","event":"Filling up the DagBag from /opt/airflow/dags/dag_orchestrate_2.py","logger":"airflow.dag_processing.dagbag.BundleDagBag","filename":"dagbag.py","lineno":469}
{"timestamp":"2026-07-23T17:36:40.408914Z","level":"info","event":"Filling up the DagBag from /opt/airflow/dags/dag_orchestrate_2.py","logger":"airflow.dag_processing.dagbag.BundleDagBag","filename":"dagbag.py","lineno":469}
{"timestamp":"2026-07-23T17:37:11.078628Z","level":"info","event":"Filling up the DagBag from /opt/airflow/dags/dag_orchestrate_2.py","logger":"airflow.dag_processing.dagbag.BundleDagBag","filename":"dagbag.py","lineno":469}
{"timestamp":"2026-07-23T17:37:41.760941Z","level":"info","event":"Filling up the DagBag from /opt/airflow/dags/dag_orchestrate_2.py","logger":"airflow.dag_processing.dagbag.BundleDagBag","filename":"dagbag.py","lineno":469}
{"timestamp":"2026-07-23T17:38:12.352527Z","level":"info","event":"Filling up the DagBag from /opt/airflow/dags/dag_orchestrate_2.py","logger":"airflow.dag_processing.dagbag.BundleDagBag","filename":"dagbag.py","lineno":469}
{"timestamp":"2026-07-23T17:38:42.916207Z","level":"info","event":"Filling up the DagBag from /opt/airflow/dags/dag_orchestrate_2.py","logger":"airflow.dag_processing.dagbag.BundleDagBag","filename":"dagbag.py","lineno":469}
{"timestamp":"2026-07-23T17:39:13.592279Z","level":"info","event":"Filling up the DagBag from /opt/airflow/dags/dag_orchestrate_2.py","logger":"airflow.dag_processing.dagbag.BundleDagBag","filename":"dagbag.py","lineno":469}
{"timestamp":"2026-07-23T17:39:44.137479Z","level":"info","event":"Filling up the DagBag from /opt/airflow/dags/dag_orchestrate_2.py","logger":"airflow.dag_processing.dagbag.BundleDagBag","filename":"dagbag.py","lineno":469}
{"timestamp":"2026-07-23T17:40:14.888953Z","level":"info","event":"Filling up the DagBag from /opt/airflow/dags/dag_orchestrate_2.py","logger":"airflow.dag_processing.dagbag.BundleDagBag","filename":"dagbag.py","lineno":469}
{"timestamp":"2026-07-23T17:40:45.184099Z","level":"info","event":"Filling up the DagBag from /opt/airflow/dags/dag_orchestrate_2.py","logger":"airflow.dag_processing.dagbag.BundleDagBag","filename":"dagbag.py","lineno":469}
{"timestamp":"2026-07-23T17:41:16.096106Z","level":"info","event":"Filling up the DagBag from /opt/airflow/dags/dag_orchestrate_2.py","logger":"airflow.dag_processing.dagbag.BundleDagBag","filename":"dagbag.py","lineno":469}
{"timestamp":"2026-07-23T17:41:46.741104Z","level":"info","event":"Filling up the DagBag from /opt/airflow/dags/dag_orchestrate_2.py","logger":"airflow.dag_processing.dagbag.BundleDagBag","filename":"dagbag.py","lineno":469}
{"timestamp":"2026-07-23T17:42:17.361858Z","level":"info","event":"Filling up the DagBag from /opt/airflow/dags/dag_orchestrate_2.py","logger":"airflow.dag_processing.dagbag.BundleDagBag","filename":"dagbag.py","lineno":469}
{"timestamp":"2026-07-23T17:42:48.147560Z","level":"info","event":"Filling up the DagBag from /opt/airflow/dags/dag_orchestrate_2.py","logger":"airflow.dag_processing.dagbag.BundleDagBag","filename":"dagbag.py","lineno":469}
{"timestamp":"2026-07-23T17:43:18.779186Z","level":"info","event":"Filling up the DagBag from /opt/airflow/dags/dag_orchestrate_2.py","logger":"airflow.dag_processing.dagbag.BundleDagBag","filename":"dagbag.py","lineno":469}
{"timestamp":"2026-07-23T17:43:49.427762Z","level":"info","event":"Filling up the DagBag from /opt/airflow/dags/dag_orchestrate_2.py","logger":"airflow.dag_processing.dagbag.BundleDagBag","filename":"dagbag.py","lineno":469}
{"timestamp":"2026-07-23T17:44:20.132387Z","level":"info","event":"Filling up the DagBag from /opt/airflow/dags/dag_orchestrate_2.py","logger":"airflow.dag_processing.dagbag.BundleDagBag","filename":"dagbag.py","lineno":469}
{"timestamp":"2026-07-23T17:44:51.099607Z","level":"info","event":"Filling up the DagBag from /opt/airflow/dags/dag_orchestrate_2.py","logger":"airflow.dag_processing.dagbag.BundleDagBag","filename":"dagbag.py","lineno":469}
{"timestamp":"2026-07-23T17:45:21.419836Z","level":"info","event":"Filling up the DagBag from /opt/airflow/dags/dag_orchestrate_2.py","logger":"airflow.dag_processing.dagbag.BundleDagBag","filename":"dagbag.py","lineno":469}
{"timestamp":"2026-07-23T17:45:52.339385Z","level":"info","event":"Filling up the DagBag from /opt/airflow/dags/dag_orchestrate_2.py","logger":"airflow.dag_processing.dagbag.BundleDagBag","filename":"dagbag.py","lineno":469}
{"timestamp":"2026-07-23T17:46:23.148964Z","level":"info","event":"Filling up the DagBag from /opt/airflow/dags/dag_orchestrate_2.py","logger":"airflow.dag_processing.dagbag.BundleDagBag","filename":"dagbag.py","lineno":469}
{"timestamp":"2026-07-23T17:46:54.129839Z","level":"info","event":"Filling up the DagBag from /opt/airflow/dags/dag_orchestrate_2.py","logger":"airflow.dag_processing.dagbag.BundleDagBag","filename":"dagbag.py","lineno":469}
{"timestamp":"2026-07-23T17:47:24.745097Z","level":"info","event":"Filling up the DagBag from /opt/airflow/dags/dag_orchestrate_2.py","logger":"airflow.dag_processing.dagbag.BundleDagBag","filename":"dagbag.py","lineno":469}
{"timestamp":"2026-07-23T17:47:55.191453Z","level":"info","event":"Filling up the DagBag from /opt/airflow/dags/dag_orchestrate_2.py","logger":"airflow.dag_processing.dagbag.BundleDagBag","filename":"dagbag.py","lineno":469}
{"timestamp":"2026-07-23T17:48:25.933314Z","level":"info","event":"Filling up the DagBag from /opt/airflow/dags/dag_orchestrate_2.py","logger":"airflow.dag_processing.dagbag.BundleDagBag","filename":"dagbag.py","lineno":469}
{"timestamp":"2026-07-23T17:48:56.179478Z","level":"info","event":"Filling up the DagBag from /opt/airflow/dags/dag_orchestrate_2.py","logger":"airflow.dag_processing.dagbag.BundleDagBag","filename":"dagbag.py","lineno":469}
{"timestamp":"2026-07-23T17:49:27.223647Z","level":"info","event":"Filling up the DagBag from /opt/airflow/dags/dag_orchestrate_2.py","logger":"airflow.dag_processing.dagbag.BundleDagBag","filename":"dagbag.py","lineno":469}
{"timestamp":"2026-07-23T17:49:57.646298Z","level":"info","event":"Filling up the DagBag from /opt/airflow/dags/dag_orchestrate_2.py","logger":"airflow.dag_processing.dagbag.BundleDagBag","filename":"dagbag.py","lineno":469}
{"timestamp":"2026-07-23T17:50:28.474027Z","level":"info","event":"Filling up the DagBag from /opt/airflow/dags/dag_orchestrate_2.py","logger":"airflow.dag_processing.dagbag.BundleDagBag","filename":"dagbag.py","lineno":469}
{"timestamp":"2026-07-23T17:50:58.797874Z","level":"info","event":"Filling up the DagBag from /opt/airflow/dags/dag_orchestrate_2.py","logger":"airflow.dag_processing.dagbag.BundleDagBag","filename":"dagbag.py","lineno":469}
{"timestamp":"2026-07-23T17:51:29.863087Z","level":"info","event":"Filling up the DagBag from /opt/airflow/dags/dag_orchestrate_2.py","logger":"airflow.dag_processing.dagbag.BundleDagBag","filename":"dagbag.py","lineno":469}
{"timestamp":"2026-07-23T17:52:00.622514Z","level":"info","event":"Filling up the DagBag from /opt/airflow/dags/dag_orchestrate_2.py","logger":"airflow.dag_processing.dagbag.BundleDagBag","filename":"dagbag.py","lineno":469}
{"timestamp":"2026-07-23T17:52:31.039486Z","level":"info","event":"Filling up the DagBag from /opt/airflow/dags/dag_orchestrate_2.py","logger":"airflow.dag_processing.dagbag.BundleDagBag","filename":"dagbag.py","lineno":469}
{"timestamp":"2026-07-23T17:53:01.486143Z","level":"info","event":"Filling up the DagBag from /opt/airflow/dags/dag_orchestrate_2.py","logger":"airflow.dag_processing.dagbag.BundleDagBag","filename":"dagbag.py","lineno":469}
{"timestamp":"2026-07-23T17:53:31.922768Z","level":"info","event":"Filling up the DagBag from /opt/airflow/dags/dag_orchestrate_2.py","logger":"airflow.dag_processing.dagbag.BundleDagBag","filename":"dagbag.py","lineno":469}
{"timestamp":"2026-07-23T17:54:02.462936Z","level":"info","event":"Filling up the DagBag from /opt/airflow/dags/dag_orchestrate_2.py","logger":"airflow.dag_processing.dagbag.BundleDagBag","filename":"dagbag.py","lineno":469}
{"timestamp":"2026-07-23T17:54:33.354351Z","level":"info","event":"Filling up the DagBag from /opt/airflow/dags/dag_orchestrate_2.py","logger":"airflow.dag_processing.dagbag.BundleDagBag","filename":"dagbag.py","lineno":469}
{"timestamp":"2026-07-23T17:55:04.196162Z","level":"info","event":"Filling up the DagBag from /opt/airflow/dags/dag_orchestrate_2.py","logger":"airflow.dag_processing.dagbag.BundleDagBag","filename":"dagbag.py","lineno":469}
{"timestamp":"2026-07-23T17:55:34.656000Z","level":"info","event":"Filling up the DagBag from /opt/airflow/dags/dag_orchestrate_2.py","logger":"airflow.dag_processing.dagbag.BundleDagBag","filename":"dagbag.py","lineno":469}
{"timestamp":"2026-07-23T17:56:05.035085Z","level":"info","event":"Filling up the DagBag from /opt/airflow/dags/dag_orchestrate_2.py","logger":"airflow.dag_processing.dagbag.BundleDagBag","filename":"dagbag.py","lineno":469}
{"timestamp":"2026-07-23T17:56:35.524102Z","level":"info","event":"Filling up the DagBag from /opt/airflow/dags/dag_orchestrate_2.py","logger":"airflow.dag_processing.dagbag.BundleDagBag","filename":"dagbag.py","lineno":469}
{"timestamp":"2026-07-23T17:57:05.910538Z","level":"info","event":"Filling up the DagBag from /opt/airflow/dags/dag_orchestrate_2.py","logger":"airflow.dag_processing.dagbag.BundleDagBag","filename":"dagbag.py","lineno":469}
{"timestamp":"2026-07-23T17:57:36.650509Z","level":"info","event":"Filling up the DagBag from /opt/airflow/dags/dag_orchestrate_2.py","logger":"airflow.dag_processing.dagbag.BundleDagBag","filename":"dagbag.py","lineno":469}
{"timestamp":"2026-07-23T17:58:07.307105Z","level":"info","event":"Filling up the DagBag from /opt/airflow/dags/dag_orchestrate_2.py","logger":"airflow.dag_processing.dagbag.BundleDagBag","filename":"dagbag.py","lineno":469}
{"timestamp":"2026-07-23T17:58:37.583026Z","level":"info","event":"Filling up the DagBag from /opt/airflow/dags/dag_orchestrate_2.py","logger":"airflow.dag_processing.dagbag.BundleDagBag","filename":"dagbag.py","lineno":469}
{"timestamp":"2026-07-23T17:59:08.199508Z","level":"info","event":"Filling up the DagBag from /opt/airflow/dags/dag_orchestrate_2.py","logger":"airflow.dag_processing.dagbag.BundleDagBag","filename":"dagbag.py","lineno":469}
{"timestamp":"2026-07-23T17:59:38.535793Z","level":"info","event":"Filling up the DagBag from /opt/airflow/dags/dag_orchestrate_2.py","logger":"airflow.dag_processing.dagbag.BundleDagBag","filename":"dagbag.py","lineno":469}
{"timestamp":"2026-07-23T18:00:08.839712Z","level":"info","event":"Filling up the DagBag from /opt/airflow/dags/dag_orchestrate_2.py","logger":"airflow.dag_processing.dagbag.BundleDagBag","filename":"dagbag.py","lineno":469}
{"timestamp":"2026-07-23T18:00:39.363252Z","level":"info","event":"Filling up the DagBag from /opt/airflow/dags/dag_orchestrate_2.py","logger":"airflow.dag_processing.dagbag.BundleDagBag","filename":"dagbag.py","lineno":469}
{"timestamp":"2026-07-23T18:01:09.660268Z","level":"info","event":"Filling up the DagBag from /opt/airflow/dags/dag_orchestrate_2.py","logger":"airflow.dag_processing.dagbag.BundleDagBag","filename":"dagbag.py","lineno":469}
{"timestamp":"2026-07-23T18:01:40.466150Z","level":"info","event":"Filling up the DagBag from /opt/airflow/dags/dag_orchestrate_2.py","logger":"airflow.dag_processing.dagbag.BundleDagBag","filename":"dagbag.py","lineno":469}
{"timestamp":"2026-07-23T18:02:10.824011Z","level":"info","event":"Filling up the DagBag from /opt/airflow/dags/dag_orchestrate_2.py","logger":"airflow.dag_processing.dagbag.BundleDagBag","filename":"dagbag.py","lineno":469}
{"timestamp":"2026-07-23T18:02:41.189375Z","level":"info","event":"Filling up the DagBag from /opt/airflow/dags/dag_orchestrate_2.py","logger":"airflow.dag_processing.dagbag.BundleDagBag","filename":"dagbag.py","lineno":469}
{"timestamp":"2026-07-23T18:03:11.927992Z","level":"info","event":"Filling up the DagBag from /opt/airflow/dags/dag_orchestrate_2.py","logger":"airflow.dag_processing.dagbag.BundleDagBag","filename":"dagbag.py","lineno":469}
{"timestamp":"2026-07-23T18:03:42.835519Z","level":"info","event":"Filling up the DagBag from /opt/airflow/dags/dag_orchestrate_2.py","logger":"airflow.dag_processing.dagbag.BundleDagBag","filename":"dagbag.py","lineno":469}
{"timestamp":"2026-07-23T18:04:13.392875Z","level":"info","event":"Filling up the DagBag from /opt/airflow/dags/dag_orchestrate_2.py","logger":"airflow.dag_processing.dagbag.BundleDagBag","filename":"dagbag.py","lineno":469}
{"timestamp":"2026-07-23T18:04:44.059051Z","level":"info","event":"Filling up the DagBag from /opt/airflow/dags/dag_orchestrate_2.py","logger":"airflow.dag_processing.dagbag.BundleDagBag","filename":"dagbag.py","lineno":469}
{"timestamp":"2026-07-23T18:05:14.660662Z","level":"info","event":"Filling up the DagBag from /opt/airflow/dags/dag_orchestrate_2.py","logger":"airflow.dag_processing.dagbag.BundleDagBag","filename":"dagbag.py","lineno":469}
{"timestamp":"2026-07-23T18:05:44.938977Z","level":"info","event":"Filling up the DagBag from /opt/airflow/dags/dag_orchestrate_2.py","logger":"airflow.dag_processing.dagbag.BundleDagBag","filename":"dagbag.py","lineno":469}
{"timestamp":"2026-07-23T18:06:15.656309Z","level":"info","event":"Filling up the DagBag from /opt/airflow/dags/dag_orchestrate_2.py","logger":"airflow.dag_processing.dagbag.BundleDagBag","filename":"dagbag.py","lineno":469}
{"timestamp":"2026-07-23T18:06:46.277368Z","level":"info","event":"Filling up the DagBag from /opt/airflow/dags/dag_orchestrate_2.py","logger":"airflow.dag_processing.dagbag.BundleDagBag","filename":"dagbag.py","lineno":469}
{"timestamp":"2026-07-23T18:07:16.975175Z","level":"info","event":"Filling up the DagBag from /opt/airflow/dags/dag_orchestrate_2.py","logger":"airflow.dag_processing.dagbag.BundleDagBag","filename":"dagbag.py","lineno":469}
{"timestamp":"2026-07-23T18:07:47.565016Z","level":"info","event":"Filling up the DagBag from /opt/airflow/dags/dag_orchestrate_2.py","logger":"airflow.dag_processing.dagbag.BundleDagBag","filename":"dagbag.py","lineno":469}
{"timestamp":"2026-07-23T18:08:18.322820Z","level":"info","event":"Filling up the DagBag from /opt/airflow/dags/dag_orchestrate_2.py","logger":"airflow.dag_processing.dagbag.BundleDagBag","filename":"dagbag.py","lineno":469}
{"timestamp":"2026-07-23T18:08:48.989287Z","level":"info","event":"Filling up the DagBag from /opt/airflow/dags/dag_orchestrate_2.py","logger":"airflow.dag_processing.dagbag.BundleDagBag","filename":"dagbag.py","lineno":469}
{"timestamp":"2026-07-23T18:09:19.790758Z","level":"info","event":"Filling up the DagBag from /opt/airflow/dags/dag_orchestrate_2.py","logger":"airflow.dag_processing.dagbag.BundleDagBag","filename":"dagbag.py","lineno":469}
{"timestamp":"2026-07-23T18:09:50.465295Z","level":"info","event":"Filling up the DagBag from /opt/airflow/dags/dag_orchestrate_2.py","logger":"airflow.dag_processing.dagbag.BundleDagBag","filename":"dagbag.py","lineno":469}
{"timestamp":"2026-07-23T18:10:21.232205Z","level":"info","event":"Filling up the DagBag from /opt/airflow/dags/dag_orchestrate_2.py","logger":"airflow.dag_processing.dagbag.BundleDagBag","filename":"dagbag.py","lineno":469}
{"timestamp":"2026-07-23T18:10:52.218965Z","level":"info","event":"Filling up the DagBag from /opt/airflow/dags/dag_orchestrate_2.py","logger":"airflow.dag_processing.dagbag.BundleDagBag","filename":"dagbag.py","lineno":469}
{"timestamp":"2026-07-23T18:11:23.049213Z","level":"info","event":"Filling up the DagBag from /opt/airflow/dags/dag_orchestrate_2.py","logger":"airflow.dag_processing.dagbag.BundleDagBag","filename":"dagbag.py","lineno":469}
{"timestamp":"2026-07-23T18:11:53.832829Z","level":"info","event":"Filling up the DagBag from /opt/airflow/dags/dag_orchestrate_2.py","logger":"airflow.dag_processing.dagbag.BundleDagBag","filename":"dagbag.py","lineno":469}
{"timestamp":"2026-07-23T18:12:24.592808Z","level":"info","event":"Filling up the DagBag from /opt/airflow/dags/dag_orchestrate_2.py","logger":"airflow.dag_processing.dagbag.BundleDagBag","filename":"dagbag.py","lineno":469}
{"timestamp":"2026-07-23T18:12:55.199624Z","level":"info","event":"Filling up the DagBag from /opt/airflow/dags/dag_orchestrate_2.py","logger":"airflow.dag_processing.dagbag.BundleDagBag","filename":"dagbag.py","lineno":469}
{"timestamp":"2026-07-23T18:13:25.927200Z","level":"info","event":"Filling up the DagBag from /opt/airflow/dags/dag_orchestrate_2.py","logger":"airflow.dag_processing.dagbag.BundleDagBag","filename":"dagbag.py","lineno":469}
{"timestamp":"2026-07-23T18:13:56.687849Z","level":"info","event":"Filling up the DagBag from /opt/airflow/dags/dag_orchestrate_2.py","logger":"airflow.dag_processing.dagbag.BundleDagBag","filename":"dagbag.py","lineno":469}
{"timestamp":"2026-07-23T18:14:27.572412Z","level":"info","event":"Filling up the DagBag from /opt/airflow/dags/dag_orchestrate_2.py","logger":"airflow.dag_processing.dagbag.BundleDagBag","filename":"dagbag.py","lineno":469}
{"timestamp":"2026-07-23T18:14:58.282443Z","level":"info","event":"Filling up the DagBag from /opt/airflow/dags/dag_orchestrate_2.py","logger":"airflow.dag_processing.dagbag.BundleDagBag","filename":"dagbag.py","lineno":469}
{"timestamp":"2026-07-23T18:15:29.033629Z","level":"info","event":"Filling up the DagBag from /opt/airflow/dags/dag_orchestrate_2.py","logger":"airflow.dag_processing.dagbag.BundleDagBag","filename":"dagbag.py","lineno":469}
{"timestamp":"2026-07-23T18:15:59.920660Z","level":"info","event":"Filling up the DagBag from /opt/airflow/dags/dag_orchestrate_2.py","logger":"airflow.dag_processing.dagbag.BundleDagBag","filename":"dagbag.py","lineno":469}
{"timestamp":"2026-07-23T18:16:30.262540Z","level":"info","event":"Filling up the DagBag from /opt/airflow/dags/dag_orchestrate_2.py","logger":"airflow.dag_processing.dagbag.BundleDagBag","filename":"dagbag.py","lineno":469}
{"timestamp":"2026-07-23T18:17:00.485824Z","level":"info","event":"Filling up the DagBag from /opt/airflow/dags/dag_orchestrate_2.py","logger":"airflow.dag_processing.dagbag.BundleDagBag","filename":"dagbag.py","lineno":469}
{"timestamp":"2026-07-23T18:17:30.680264Z","level":"info","event":"Filling up the DagBag from /opt/airflow/dags/dag_orchestrate_2.py","logger":"airflow.dag_processing.dagbag.BundleDagBag","filename":"dagbag.py","lineno":469}
{"timestamp":"2026-07-23T18:18:01.209359Z","level":"info","event":"Filling up the DagBag from /opt/airflow/dags/dag_orchestrate_2.py","logger":"airflow.dag_processing.dagbag.BundleDagBag","filename":"dagbag.py","lineno":469}
{"timestamp":"2026-07-23T18:18:31.539958Z","level":"info","event":"Filling up the DagBag from /opt/airflow/dags/dag_orchestrate_2.py","logger":"airflow.dag_processing.dagbag.BundleDagBag","filename":"dagbag.py","lineno":469}
{"timestamp":"2026-07-23T18:19:02.141301Z","level":"info","event":"Filling up the DagBag from /opt/airflow/dags/dag_orchestrate_2.py","logger":"airflow.dag_processing.dagbag.BundleDagBag","filename":"dagbag.py","lineno":469}
{"timestamp":"2026-07-23T18:19:32.841481Z","level":"info","event":"Filling up the DagBag from /opt/airflow/dags/dag_orchestrate_2.py","logger":"airflow.dag_processing.dagbag.BundleDagBag","filename":"dagbag.py","lineno":469}
{"timestamp":"2026-07-23T18:20:03.613635Z","level":"info","event":"Filling up the DagBag from /opt/airflow/dags/dag_orchestrate_2.py","logger":"airflow.dag_processing.dagbag.BundleDagBag","filename":"dagbag.py","lineno":469}
{"timestamp":"2026-07-23T18:20:34.510087Z","level":"info","event":"Filling up the DagBag from /opt/airflow/dags/dag_orchestrate_2.py","logger":"airflow.dag_processing.dagbag.BundleDagBag","filename":"dagbag.py","lineno":469}
{"timestamp":"2026-07-23T18:21:04.769079Z","level":"info","event":"Filling up the DagBag from /opt/airflow/dags/dag_orchestrate_2.py","logger":"airflow.dag_processing.dagbag.BundleDagBag","filename":"dagbag.py","lineno":469}
{"timestamp":"2026-07-23T18:21:35.658801Z","level":"info","event":"Filling up the DagBag from /opt/airflow/dags/dag_orchestrate_2.py","logger":"airflow.dag_processing.dagbag.BundleDagBag","filename":"dagbag.py","lineno":469}
{"timestamp":"2026-07-23T18:22:06.402074Z","level":"info","event":"Filling up the DagBag from /opt/airflow/dags/dag_orchestrate_2.py","logger":"airflow.dag_processing.dagbag.BundleDagBag","filename":"dagbag.py","lineno":469}
{"timestamp":"2026-07-23T18:22:37.028587Z","level":"info","event":"Filling up the DagBag from /opt/airflow/dags/dag_orchestrate_2.py","logger":"airflow.dag_processing.dagbag.BundleDagBag","filename":"dagbag.py","lineno":469}
{"timestamp":"2026-07-23T18:23:07.703891Z","level":"info","event":"Filling up the DagBag from /opt/airflow/dags/dag_orchestrate_2.py","logger":"airflow.dag_processing.dagbag.BundleDagBag","filename":"dagbag.py","lineno":469}
{"timestamp":"2026-07-23T18:23:38.363292Z","level":"info","event":"Filling up the DagBag from /opt/airflow/dags/dag_orchestrate_2.py","logger":"airflow.dag_processing.dagbag.BundleDagBag","filename":"dagbag.py","lineno":469}
{"timestamp":"2026-07-23T18:24:09.073330Z","level":"info","event":"Filling up the DagBag from /opt/airflow/dags/dag_orchestrate_2.py","logger":"airflow.dag_processing.dagbag.BundleDagBag","filename":"dagbag.py","lineno":469}
{"timestamp":"2026-07-23T18:24:39.791728Z","level":"info","event":"Filling up the DagBag from /opt/airflow/dags/dag_orchestrate_2.py","logger":"airflow.dag_processing.dagbag.BundleDagBag","filename":"dagbag.py","lineno":469}
{"timestamp":"2026-07-23T18:25:10.638282Z","level":"info","event":"Filling up the DagBag from /opt/airflow/dags/dag_orchestrate_2.py","logger":"airflow.dag_processing.dagbag.BundleDagBag","filename":"dagbag.py","lineno":469}
{"timestamp":"2026-07-23T18:25:41.587610Z","level":"info","event":"Filling up the DagBag from /opt/airflow/dags/dag_orchestrate_2.py","logger":"airflow.dag_processing.dagbag.BundleDagBag","filename":"dagbag.py","lineno":469}
{"timestamp":"2026-07-23T18:26:11.969795Z","level":"info","event":"Filling up the DagBag from /opt/airflow/dags/dag_orchestrate_2.py","logger":"airflow.dag_processing.dagbag.BundleDagBag","filename":"dagbag.py","lineno":469}
{"timestamp":"2026-07-23T18:26:42.883317Z","level":"info","event":"Filling up the DagBag from /opt/airflow/dags/dag_orchestrate_2.py","logger":"airflow.dag_processing.dagbag.BundleDagBag","filename":"dagbag.py","lineno":469}
{"timestamp":"2026-07-23T18:27:13.549812Z","level":"info","event":"Filling up the DagBag from /opt/airflow/dags/dag_orchestrate_2.py","logger":"airflow.dag_processing.dagbag.BundleDagBag","filename":"dagbag.py","lineno":469}
{"timestamp":"2026-07-23T18:27:44.084261Z","level":"info","event":"Filling up the DagBag from /opt/airflow/dags/dag_orchestrate_2.py","logger":"airflow.dag_processing.dagbag.BundleDagBag","filename":"dagbag.py","lineno":469}
{"timestamp":"2026-07-23T18:28:14.878893Z","level":"info","event":"Filling up the DagBag from /opt/airflow/dags/dag_orchestrate_2.py","logger":"airflow.dag_processing.dagbag.BundleDagBag","filename":"dagbag.py","lineno":469}
{"timestamp":"2026-07-23T18:28:45.198468Z","level":"info","event":"Filling up the DagBag from /opt/airflow/dags/dag_orchestrate_2.py","logger":"airflow.dag_processing.dagbag.BundleDagBag","filename":"dagbag.py","lineno":469}
{"timestamp":"2026-07-23T18:29:15.782755Z","level":"info","event":"Filling up the DagBag from /opt/airflow/dags/dag_orchestrate_2.py","logger":"airflow.dag_processing.dagbag.BundleDagBag","filename":"dagbag.py","lineno":469}
{"timestamp":"2026-07-23T18:29:46.975698Z","level":"info","event":"Filling up the DagBag from /opt/airflow/dags/dag_orchestrate_2.py","logger":"airflow.dag_processing.dagbag.BundleDagBag","filename":"dagbag.py","lineno":469}
{"timestamp":"2026-07-23T18:30:17.655706Z","level":"info","event":"Filling up the DagBag from /opt/airflow/dags/dag_orchestrate_2.py","logger":"airflow.dag_processing.dagbag.BundleDagBag","filename":"dagbag.py","lineno":469}
{"timestamp":"2026-07-23T18:30:48.824317Z","level":"info","event":"Filling up the DagBag from /opt/airflow/dags/dag_orchestrate_2.py","logger":"airflow.dag_processing.dagbag.BundleDagBag","filename":"dagbag.py","lineno":469}
{"timestamp":"2026-07-23T18:31:19.852082Z","level":"info","event":"Filling up the DagBag from /opt/airflow/dags/dag_orchestrate_2.py","logger":"airflow.dag_processing.dagbag.BundleDagBag","filename":"dagbag.py","lineno":469}
{"timestamp":"2026-07-23T18:31:50.813228Z","level":"info","event":"Filling up the DagBag from /opt/airflow/dags/dag_orchestrate_2.py","logger":"airflow.dag_processing.dagbag.BundleDagBag","filename":"dagbag.py","lineno":469}
{"timestamp":"2026-07-23T18:32:21.252804Z","level":"info","event":"Filling up the DagBag from /opt/airflow/dags/dag_orchestrate_2.py","logger":"airflow.dag_processing.dagbag.BundleDagBag","filename":"dagbag.py","lineno":469}
{"timestamp":"2026-07-23T18:32:52.174481Z","level":"info","event":"Filling up the DagBag from /opt/airflow/dags/dag_orchestrate_2.py","logger":"airflow.dag_processing.dagbag.BundleDagBag","filename":"dagbag.py","lineno":469}
{"timestamp":"2026-07-23T18:33:23.264645Z","level":"info","event":"Filling up the DagBag from /opt/airflow/dags/dag_orchestrate_2.py","logger":"airflow.dag_processing.dagbag.BundleDagBag","filename":"dagbag.py","lineno":469}
{"timestamp":"2026-07-23T18:33:53.490899Z","level":"info","event":"Filling up the DagBag from /opt/airflow/dags/dag_orchestrate_2.py","logger":"airflow.dag_processing.dagbag.BundleDagBag","filename":"dagbag.py","lineno":469}
{"timestamp":"2026-07-23T18:34:23.786052Z","level":"info","event":"Filling up the DagBag from /opt/airflow/dags/dag_orchestrate_2.py","logger":"airflow.dag_processing.dagbag.BundleDagBag","filename":"dagbag.py","lineno":469}
{"timestamp":"2026-07-23T18:34:54.062682Z","level":"info","event":"Filling up the DagBag from /opt/airflow/dags/dag_orchestrate_2.py","logger":"airflow.dag_processing.dagbag.BundleDagBag","filename":"dagbag.py","lineno":469}
{"timestamp":"2026-07-23T18:35:24.492364Z","level":"info","event":"Filling up the DagBag from /opt/airflow/dags/dag_orchestrate_2.py","logger":"airflow.dag_processing.dagbag.BundleDagBag","filename":"dagbag.py","lineno":469}
{"timestamp":"2026-07-23T18:35:54.853324Z","level":"info","event":"Filling up the DagBag from /opt/airflow/dags/dag_orchestrate_2.py","logger":"airflow.dag_processing.dagbag.BundleDagBag","filename":"dagbag.py","lineno":469}
{"timestamp":"2026-07-23T18:36:25.077775Z","level":"info","event":"Filling up the DagBag from /opt/airflow/dags/dag_orchestrate_2.py","logger":"airflow.dag_processing.dagbag.BundleDagBag","filename":"dagbag.py","lineno":469}
{"timestamp":"2026-07-23T18:36:55.406023Z","level":"info","event":"Filling up the DagBag from /opt/airflow/dags/dag_orchestrate_2.py","logger":"airflow.dag_processing.dagbag.BundleDagBag","filename":"dagbag.py","lineno":469}
{"timestamp":"2026-07-23T18:37:25.665518Z","level":"info","event":"Filling up the DagBag from /opt/airflow/dags/dag_orchestrate_2.py","logger":"airflow.dag_processing.dagbag.BundleDagBag","filename":"dagbag.py","lineno":469}
{"timestamp":"2026-07-23T18:37:55.995632Z","level":"info","event":"Filling up the DagBag from /opt/airflow/dags/dag_orchestrate_2.py","logger":"airflow.dag_processing.dagbag.BundleDagBag","filename":"dagbag.py","lineno":469}
{"timestamp":"2026-07-23T18:38:26.312343Z","level":"info","event":"Filling up the DagBag from /opt/airflow/dags/dag_orchestrate_2.py","logger":"airflow.dag_processing.dagbag.BundleDagBag","filename":"dagbag.py","lineno":469}
{"timestamp":"2026-07-23T18:38:56.569298Z","level":"info","event":"Filling up the DagBag from /opt/airflow/dags/dag_orchestrate_2.py","logger":"airflow.dag_processing.dagbag.BundleDagBag","filename":"dagbag.py","lineno":469}
{"timestamp":"2026-07-23T18:39:26.967357Z","level":"info","event":"Filling up the DagBag from /opt/airflow/dags/dag_orchestrate_2.py","logger":"airflow.dag_processing.dagbag.BundleDagBag","filename":"dagbag.py","lineno":469}
{"timestamp":"2026-07-23T18:39:57.320358Z","level":"info","event":"Filling up the DagBag from /opt/airflow/dags/dag_orchestrate_2.py","logger":"airflow.dag_processing.dagbag.BundleDagBag","filename":"dagbag.py","lineno":469}
{"timestamp":"2026-07-23T18:40:27.701472Z","level":"info","event":"Filling up the DagBag from /opt/airflow/dags/dag_orchestrate_2.py","logger":"airflow.dag_processing.dagbag.BundleDagBag","filename":"dagbag.py","lineno":469}
{"timestamp":"2026-07-23T18:40:58.468873Z","level":"info","event":"Filling up the DagBag from /opt/airflow/dags/dag_orchestrate_2.py","logger":"airflow.dag_processing.dagbag.BundleDagBag","filename":"dagbag.py","lineno":469}
{"timestamp":"2026-07-23T18:41:29.328351Z","level":"info","event":"Filling up the DagBag from /opt/airflow/dags/dag_orchestrate_2.py","logger":"airflow.dag_processing.dagbag.BundleDagBag","filename":"dagbag.py","lineno":469}
{"timestamp":"2026-07-23T18:42:00.330834Z","level":"info","event":"Filling up the DagBag from /opt/airflow/dags/dag_orchestrate_2.py","logger":"airflow.dag_processing.dagbag.BundleDagBag","filename":"dagbag.py","lineno":469}
{"timestamp":"2026-07-23T18:42:31.278141Z","level":"info","event":"Filling up the DagBag from /opt/airflow/dags/dag_orchestrate_2.py","logger":"airflow.dag_processing.dagbag.BundleDagBag","filename":"dagbag.py","lineno":469}
{"timestamp":"2026-07-23T18:43:02.099582Z","level":"info","event":"Filling up the DagBag from /opt/airflow/dags/dag_orchestrate_2.py","logger":"airflow.dag_processing.dagbag.BundleDagBag","filename":"dagbag.py","lineno":469}
{"timestamp":"2026-07-23T18:43:32.897135Z","level":"info","event":"Filling up the DagBag from /opt/airflow/dags/dag_orchestrate_2.py","logger":"airflow.dag_processing.dagbag.BundleDagBag","filename":"dagbag.py","lineno":469}
{"timestamp":"2026-07-23T18:44:03.764144Z","level":"info","event":"Filling up the DagBag from /opt/airflow/dags/dag_orchestrate_2.py","logger":"airflow.dag_processing.dagbag.BundleDagBag","filename":"dagbag.py","lineno":469}
{"timestamp":"2026-07-23T18:44:34.628235Z","level":"info","event":"Filling up the DagBag from /opt/airflow/dags/dag_orchestrate_2.py","logger":"airflow.dag_processing.dagbag.BundleDagBag","filename":"dagbag.py","lineno":469}
{"timestamp":"2026-07-23T18:45:05.513894Z","level":"info","event":"Filling up the DagBag from /opt/airflow/dags/dag_orchestrate_2.py","logger":"airflow.dag_processing.dagbag.BundleDagBag","filename":"dagbag.py","lineno":469}
{"timestamp":"2026-07-23T18:45:36.528782Z","level":"info","event":"Filling up the DagBag from /opt/airflow/dags/dag_orchestrate_2.py","logger":"airflow.dag_processing.dagbag.BundleDagBag","filename":"dagbag.py","lineno":469}
{"timestamp":"2026-07-23T18:46:06.790420Z","level":"info","event":"Filling up the DagBag from /opt/airflow/dags/dag_orchestrate_2.py","logger":"airflow.dag_processing.dagbag.BundleDagBag","filename":"dagbag.py","lineno":469}
{"timestamp":"2026-07-23T18:46:37.815394Z","level":"info","event":"Filling up the DagBag from /opt/airflow/dags/dag_orchestrate_2.py","logger":"airflow.dag_processing.dagbag.BundleDagBag","filename":"dagbag.py","lineno":469}
{"timestamp":"2026-07-23T18:47:08.739234Z","level":"info","event":"Filling up the DagBag from /opt/airflow/dags/dag_orchestrate_2.py","logger":"airflow.dag_processing.dagbag.BundleDagBag","filename":"dagbag.py","lineno":469}
{"timestamp":"2026-07-23T18:47:39.546928Z","level":"info","event":"Filling up the DagBag from /opt/airflow/dags/dag_orchestrate_2.py","logger":"airflow.dag_processing.dagbag.BundleDagBag","filename":"dagbag.py","lineno":469}
{"timestamp":"2026-07-23T18:48:10.268807Z","level":"info","event":"Filling up the DagBag from /opt/airflow/dags/dag_orchestrate_2.py","logger":"airflow.dag_processing.dagbag.BundleDagBag","filename":"dagbag.py","lineno":469}
{"timestamp":"2026-07-23T18:48:41.087681Z","level":"info","event":"Filling up the DagBag from /opt/airflow/dags/dag_orchestrate_2.py","logger":"airflow.dag_processing.dagbag.BundleDagBag","filename":"dagbag.py","lineno":469}
{"timestamp":"2026-07-23T18:49:11.887944Z","level":"info","event":"Filling up the DagBag from /opt/airflow/dags/dag_orchestrate_2.py","logger":"airflow.dag_processing.dagbag.BundleDagBag","filename":"dagbag.py","lineno":469}
{"timestamp":"2026-07-23T18:49:42.235475Z","level":"info","event":"Filling up the DagBag from /opt/airflow/dags/dag_orchestrate_2.py","logger":"airflow.dag_processing.dagbag.BundleDagBag","filename":"dagbag.py","lineno":469}
{"timestamp":"2026-07-23T18:50:12.463032Z","level":"info","event":"Filling up the DagBag from /opt/airflow/dags/dag_orchestrate_2.py","logger":"airflow.dag_processing.dagbag.BundleDagBag","filename":"dagbag.py","lineno":469}
{"timestamp":"2026-07-23T18:50:43.287956Z","level":"info","event":"Filling up the DagBag from /opt/airflow/dags/dag_orchestrate_2.py","logger":"airflow.dag_processing.dagbag.BundleDagBag","filename":"dagbag.py","lineno":469}
{"timestamp":"2026-07-23T18:51:14.288684Z","level":"info","event":"Filling up the DagBag from /opt/airflow/dags/dag_orchestrate_2.py","logger":"airflow.dag_processing.dagbag.BundleDagBag","filename":"dagbag.py","lineno":469}
{"timestamp":"2026-07-23T18:51:44.629231Z","level":"info","event":"Filling up the DagBag from /opt/airflow/dags/dag_orchestrate_2.py","logger":"airflow.dag_processing.dagbag.BundleDagBag","filename":"dagbag.py","lineno":469}
{"timestamp":"2026-07-23T18:52:14.997414Z","level":"info","event":"Filling up the DagBag from /opt/airflow/dags/dag_orchestrate_2.py","logger":"airflow.dag_processing.dagbag.BundleDagBag","filename":"dagbag.py","lineno":469}
{"timestamp":"2026-07-23T18:52:45.674320Z","level":"info","event":"Filling up the DagBag from /opt/airflow/dags/dag_orchestrate_2.py","logger":"airflow.dag_processing.dagbag.BundleDagBag","filename":"dagbag.py","lineno":469}
{"timestamp":"2026-07-23T18:53:16.279325Z","level":"info","event":"Filling up the DagBag from /opt/airflow/dags/dag_orchestrate_2.py","logger":"airflow.dag_processing.dagbag.BundleDagBag","filename":"dagbag.py","lineno":469}
{"timestamp":"2026-07-23T18:53:46.894741Z","level":"info","event":"Filling up the DagBag from /opt/airflow/dags/dag_orchestrate_2.py","logger":"airflow.dag_processing.dagbag.BundleDagBag","filename":"dagbag.py","lineno":469}
{"timestamp":"2026-07-23T18:54:17.682209Z","level":"info","event":"Filling up the DagBag from /opt/airflow/dags/dag_orchestrate_2.py","logger":"airflow.dag_processing.dagbag.BundleDagBag","filename":"dagbag.py","lineno":469}
{"timestamp":"2026-07-23T18:54:48.072693Z","level":"info","event":"Filling up the DagBag from /opt/airflow/dags/dag_orchestrate_2.py","logger":"airflow.dag_processing.dagbag.BundleDagBag","filename":"dagbag.py","lineno":469}
{"timestamp":"2026-07-23T18:55:18.458923Z","level":"info","event":"Filling up the DagBag from /opt/airflow/dags/dag_orchestrate_2.py","logger":"airflow.dag_processing.dagbag.BundleDagBag","filename":"dagbag.py","lineno":469}
{"timestamp":"2026-07-23T18:55:49.350743Z","level":"info","event":"Filling up the DagBag from /opt/airflow/dags/dag_orchestrate_2.py","logger":"airflow.dag_processing.dagbag.BundleDagBag","filename":"dagbag.py","lineno":469}
{"timestamp":"2026-07-23T18:56:19.982337Z","level":"info","event":"Filling up the DagBag from /opt/airflow/dags/dag_orchestrate_2.py","logger":"airflow.dag_processing.dagbag.BundleDagBag","filename":"dagbag.py","lineno":469}
{"timestamp":"2026-07-23T18:56:50.688828Z","level":"info","event":"Filling up the DagBag from /opt/airflow/dags/dag_orchestrate_2.py","logger":"airflow.dag_processing.dagbag.BundleDagBag","filename":"dagbag.py","lineno":469}
{"timestamp":"2026-07-23T18:57:21.806089Z","level":"info","event":"Filling up the DagBag from /opt/airflow/dags/dag_orchestrate_2.py","logger":"airflow.dag_processing.dagbag.BundleDagBag","filename":"dagbag.py","lineno":469}
{"timestamp":"2026-07-23T18:57:52.083579Z","level":"info","event":"Filling up the DagBag from /opt/airflow/dags/dag_orchestrate_2.py","logger":"airflow.dag_processing.dagbag.BundleDagBag","filename":"dagbag.py","lineno":469}
{"timestamp":"2026-07-23T18:58:22.374341Z","level":"info","event":"Filling up the DagBag from /opt/airflow/dags/dag_orchestrate_2.py","logger":"airflow.dag_processing.dagbag.BundleDagBag","filename":"dagbag.py","lineno":469}
{"timestamp":"2026-07-23T18:58:52.664209Z","level":"info","event":"Filling up the DagBag from /opt/airflow/dags/dag_orchestrate_2.py","logger":"airflow.dag_processing.dagbag.BundleDagBag","filename":"dagbag.py","lineno":469}
{"timestamp":"2026-07-23T18:59:23.069215Z","level":"info","event":"Filling up the DagBag from /opt/airflow/dags/dag_orchestrate_2.py","logger":"airflow.dag_processing.dagbag.BundleDagBag","filename":"dagbag.py","lineno":469}
{"timestamp":"2026-07-23T18:59:53.478689Z","level":"info","event":"Filling up the DagBag from /opt/airflow/dags/dag_orchestrate_2.py","logger":"airflow.dag_processing.dagbag.BundleDagBag","filename":"dagbag.py","lineno":469}
{"timestamp":"2026-07-23T19:00:24.139270Z","level":"info","event":"Filling up the DagBag from /opt/airflow/dags/dag_orchestrate_2.py","logger":"airflow.dag_processing.dagbag.BundleDagBag","filename":"dagbag.py","lineno":469}
{"timestamp":"2026-07-23T19:00:54.809123Z","level":"info","event":"Filling up the DagBag from /opt/airflow/dags/dag_orchestrate_2.py","logger":"airflow.dag_processing.dagbag.BundleDagBag","filename":"dagbag.py","lineno":469}
{"timestamp":"2026-07-23T19:01:25.486004Z","level":"info","event":"Filling up the DagBag from /opt/airflow/dags/dag_orchestrate_2.py","logger":"airflow.dag_processing.dagbag.BundleDagBag","filename":"dagbag.py","lineno":469}
{"timestamp":"2026-07-23T19:01:56.562043Z","level":"info","event":"Filling up the DagBag from /opt/airflow/dags/dag_orchestrate_2.py","logger":"airflow.dag_processing.dagbag.BundleDagBag","filename":"dagbag.py","lineno":469}
{"timestamp":"2026-07-23T19:02:27.537672Z","level":"info","event":"Filling up the DagBag from /opt/airflow/dags/dag_orchestrate_2.py","logger":"airflow.dag_processing.dagbag.BundleDagBag","filename":"dagbag.py","lineno":469}
{"timestamp":"2026-07-23T19:02:57.888226Z","level":"info","event":"Filling up the DagBag from /opt/airflow/dags/dag_orchestrate_2.py","logger":"airflow.dag_processing.dagbag.BundleDagBag","filename":"dagbag.py","lineno":469}
{"timestamp":"2026-07-23T19:03:28.355539Z","level":"info","event":"Filling up the DagBag from /opt/airflow/dags/dag_orchestrate_2.py","logger":"airflow.dag_processing.dagbag.BundleDagBag","filename":"dagbag.py","lineno":469}
{"timestamp":"2026-07-23T19:03:58.981802Z","level":"info","event":"Filling up the DagBag from /opt/airflow/dags/dag_orchestrate_2.py","logger":"airflow.dag_processing.dagbag.BundleDagBag","filename":"dagbag.py","lineno":469}
{"timestamp":"2026-07-23T19:04:29.240125Z","level":"info","event":"Filling up the DagBag from /opt/airflow/dags/dag_orchestrate_2.py","logger":"airflow.dag_processing.dagbag.BundleDagBag","filename":"dagbag.py","lineno":469}
{"timestamp":"2026-07-23T19:04:59.610314Z","level":"info","event":"Filling up the DagBag from /opt/airflow/dags/dag_orchestrate_2.py","logger":"airflow.dag_processing.dagbag.BundleDagBag","filename":"dagbag.py","lineno":469}
{"timestamp":"2026-07-23T19:05:29.955977Z","level":"info","event":"Filling up the DagBag from /opt/airflow/dags/dag_orchestrate_2.py","logger":"airflow.dag_processing.dagbag.BundleDagBag","filename":"dagbag.py","lineno":469}
{"timestamp":"2026-07-23T19:06:01.280222Z","level":"info","event":"Filling up the DagBag from /opt/airflow/dags/dag_orchestrate_2.py","logger":"airflow.dag_processing.dagbag.BundleDagBag","filename":"dagbag.py","lineno":469}
{"timestamp":"2026-07-23T19:06:31.591848Z","level":"info","event":"Filling up the DagBag from /opt/airflow/dags/dag_orchestrate_2.py","logger":"airflow.dag_processing.dagbag.BundleDagBag","filename":"dagbag.py","lineno":469}
{"timestamp":"2026-07-23T19:07:02.549074Z","level":"info","event":"Filling up the DagBag from /opt/airflow/dags/dag_orchestrate_2.py","logger":"airflow.dag_processing.dagbag.BundleDagBag","filename":"dagbag.py","lineno":469}
{"timestamp":"2026-07-23T19:07:33.452395Z","level":"info","event":"Filling up the DagBag from /opt/airflow/dags/dag_orchestrate_2.py","logger":"airflow.dag_processing.dagbag.BundleDagBag","filename":"dagbag.py","lineno":469}
{"timestamp":"2026-07-23T19:08:04.207559Z","level":"info","event":"Filling up the DagBag from /opt/airflow/dags/dag_orchestrate_2.py","logger":"airflow.dag_processing.dagbag.BundleDagBag","filename":"dagbag.py","lineno":469}
{"timestamp":"2026-07-23T19:08:35.107535Z","level":"info","event":"Filling up the DagBag from /opt/airflow/dags/dag_orchestrate_2.py","logger":"airflow.dag_processing.dagbag.BundleDagBag","filename":"dagbag.py","lineno":469}
{"timestamp":"2026-07-23T19:09:05.813447Z","level":"info","event":"Filling up the DagBag from /opt/airflow/dags/dag_orchestrate_2.py","logger":"airflow.dag_processing.dagbag.BundleDagBag","filename":"dagbag.py","lineno":469}
{"timestamp":"2026-07-23T19:09:36.459418Z","level":"info","event":"Filling up the DagBag from /opt/airflow/dags/dag_orchestrate_2.py","logger":"airflow.dag_processing.dagbag.BundleDagBag","filename":"dagbag.py","lineno":469}
{"timestamp":"2026-07-23T19:10:07.288217Z","level":"info","event":"Filling up the DagBag from /opt/airflow/dags/dag_orchestrate_2.py","logger":"airflow.dag_processing.dagbag.BundleDagBag","filename":"dagbag.py","lineno":469}
{"timestamp":"2026-07-23T19:10:37.686512Z","level":"info","event":"Filling up the DagBag from /opt/airflow/dags/dag_orchestrate_2.py","logger":"airflow.dag_processing.dagbag.BundleDagBag","filename":"dagbag.py","lineno":469}
{"timestamp":"2026-07-23T19:11:08.141674Z","level":"info","event":"Filling up the DagBag from /opt/airflow/dags/dag_orchestrate_2.py","logger":"airflow.dag_processing.dagbag.BundleDagBag","filename":"dagbag.py","lineno":469}
{"timestamp":"2026-07-23T19:11:38.459764Z","level":"info","event":"Filling up the DagBag from /opt/airflow/dags/dag_orchestrate_2.py","logger":"airflow.dag_processing.dagbag.BundleDagBag","filename":"dagbag.py","lineno":469}
{"timestamp":"2026-07-23T19:12:08.793632Z","level":"info","event":"Filling up the DagBag from /opt/airflow/dags/dag_orchestrate_2.py","logger":"airflow.dag_processing.dagbag.BundleDagBag","filename":"dagbag.py","lineno":469}
{"timestamp":"2026-07-23T19:12:39.097077Z","level":"info","event":"Filling up the DagBag from /opt/airflow/dags/dag_orchestrate_2.py","logger":"airflow.dag_processing.dagbag.BundleDagBag","filename":"dagbag.py","lineno":469}
{"timestamp":"2026-07-23T19:13:10.327033Z","level":"info","event":"Filling up the DagBag from /opt/airflow/dags/dag_orchestrate_2.py","logger":"airflow.dag_processing.dagbag.BundleDagBag","filename":"dagbag.py","lineno":469}
{"timestamp":"2026-07-23T19:13:40.667053Z","level":"info","event":"Filling up the DagBag from /opt/airflow/dags/dag_orchestrate_2.py","logger":"airflow.dag_processing.dagbag.BundleDagBag","filename":"dagbag.py","lineno":469}
{"timestamp":"2026-07-23T19:14:10.990789Z","level":"info","event":"Filling up the DagBag from /opt/airflow/dags/dag_orchestrate_2.py","logger":"airflow.dag_processing.dagbag.BundleDagBag","filename":"dagbag.py","lineno":469}
{"timestamp":"2026-07-23T19:14:41.258458Z","level":"info","event":"Filling up the DagBag from /opt/airflow/dags/dag_orchestrate_2.py","logger":"airflow.dag_processing.dagbag.BundleDagBag","filename":"dagbag.py","lineno":469}
{"timestamp":"2026-07-23T19:15:11.657388Z","level":"info","event":"Filling up the DagBag from /opt/airflow/dags/dag_orchestrate_2.py","logger":"airflow.dag_processing.dagbag.BundleDagBag","filename":"dagbag.py","lineno":469}
{"timestamp":"2026-07-23T19:15:42.012647Z","level":"info","event":"Filling up the DagBag from /opt/airflow/dags/dag_orchestrate_2.py","logger":"airflow.dag_processing.dagbag.BundleDagBag","filename":"dagbag.py","lineno":469}
{"timestamp":"2026-07-23T19:16:12.420712Z","level":"info","event":"Filling up the DagBag from /opt/airflow/dags/dag_orchestrate_2.py","logger":"airflow.dag_processing.dagbag.BundleDagBag","filename":"dagbag.py","lineno":469}
{"timestamp":"2026-07-23T19:16:43.313669Z","level":"info","event":"Filling up the DagBag from /opt/airflow/dags/dag_orchestrate_2.py","logger":"airflow.dag_processing.dagbag.BundleDagBag","filename":"dagbag.py","lineno":469}
{"timestamp":"2026-07-23T19:17:13.771097Z","level":"info","event":"Filling up the DagBag from /opt/airflow/dags/dag_orchestrate_2.py","logger":"airflow.dag_processing.dagbag.BundleDagBag","filename":"dagbag.py","lineno":469}
{"timestamp":"2026-07-23T19:17:44.145396Z","level":"info","event":"Filling up the DagBag from /opt/airflow/dags/dag_orchestrate_2.py","logger":"airflow.dag_processing.dagbag.BundleDagBag","filename":"dagbag.py","lineno":469}
{"timestamp":"2026-07-23T19:18:14.436431Z","level":"info","event":"Filling up the DagBag from /opt/airflow/dags/dag_orchestrate_2.py","logger":"airflow.dag_processing.dagbag.BundleDagBag","filename":"dagbag.py","lineno":469}
{"timestamp":"2026-07-23T19:18:44.845763Z","level":"info","event":"Filling up the DagBag from /opt/airflow/dags/dag_orchestrate_2.py","logger":"airflow.dag_processing.dagbag.BundleDagBag","filename":"dagbag.py","lineno":469}
{"timestamp":"2026-07-23T19:19:15.327757Z","level":"info","event":"Filling up the DagBag from /opt/airflow/dags/dag_orchestrate_2.py","logger":"airflow.dag_processing.dagbag.BundleDagBag","filename":"dagbag.py","lineno":469}
{"timestamp":"2026-07-23T19:19:45.655052Z","level":"info","event":"Filling up the DagBag from /opt/airflow/dags/dag_orchestrate_2.py","logger":"airflow.dag_processing.dagbag.BundleDagBag","filename":"dagbag.py","lineno":469}
{"timestamp":"2026-07-23T19:20:16.336085Z","level":"info","event":"Filling up the DagBag from /opt/airflow/dags/dag_orchestrate_2.py","logger":"airflow.dag_processing.dagbag.BundleDagBag","filename":"dagbag.py","lineno":469}
{"timestamp":"2026-07-23T19:20:47.215023Z","level":"info","event":"Filling up the DagBag from /opt/airflow/dags/dag_orchestrate_2.py","logger":"airflow.dag_processing.dagbag.BundleDagBag","filename":"dagbag.py","lineno":469}
{"timestamp":"2026-07-23T19:21:17.690099Z","level":"info","event":"Filling up the DagBag from /opt/airflow/dags/dag_orchestrate_2.py","logger":"airflow.dag_processing.dagbag.BundleDagBag","filename":"dagbag.py","lineno":469}
