{"timestamp":"2026-07-19T04:26:07.336166Z","level":"info","event":"Filling up the DagBag from /opt/airflow/dags/9_schedule_cron.py","logger":"airflow.dag_processing.dagbag.BundleDagBag","filename":"dagbag.py","lineno":469}
{"timestamp":"2026-07-19T04:26:38.580387Z","level":"info","event":"Filling up the DagBag from /opt/airflow/dags/9_schedule_cron.py","logger":"airflow.dag_processing.dagbag.BundleDagBag","filename":"dagbag.py","lineno":469}
{"timestamp":"2026-07-19T04:27:09.410225Z","level":"info","event":"Filling up the DagBag from /opt/airflow/dags/9_schedule_cron.py","logger":"airflow.dag_processing.dagbag.BundleDagBag","filename":"dagbag.py","lineno":469}
{"timestamp":"2026-07-19T04:27:40.252334Z","level":"info","event":"Filling up the DagBag from /opt/airflow/dags/9_schedule_cron.py","logger":"airflow.dag_processing.dagbag.BundleDagBag","filename":"dagbag.py","lineno":469}
{"timestamp":"2026-07-19T04:28:10.610855Z","level":"info","event":"Filling up the DagBag from /opt/airflow/dags/9_schedule_cron.py","logger":"airflow.dag_processing.dagbag.BundleDagBag","filename":"dagbag.py","lineno":469}
{"timestamp":"2026-07-19T04:28:40.916787Z","level":"info","event":"Filling up the DagBag from /opt/airflow/dags/9_schedule_cron.py","logger":"airflow.dag_processing.dagbag.BundleDagBag","filename":"dagbag.py","lineno":469}
{"timestamp":"2026-07-19T04:29:11.753198Z","level":"info","event":"Filling up the DagBag from /opt/airflow/dags/9_schedule_cron.py","logger":"airflow.dag_processing.dagbag.BundleDagBag","filename":"dagbag.py","lineno":469}
{"timestamp":"2026-07-19T04:29:42.018304Z","level":"info","event":"Filling up the DagBag from /opt/airflow/dags/9_schedule_cron.py","logger":"airflow.dag_processing.dagbag.BundleDagBag","filename":"dagbag.py","lineno":469}
{"timestamp":"2026-07-19T04:30:12.347231Z","level":"info","event":"Filling up the DagBag from /opt/airflow/dags/9_schedule_cron.py","logger":"airflow.dag_processing.dagbag.BundleDagBag","filename":"dagbag.py","lineno":469}
{"timestamp":"2026-07-19T04:30:42.698806Z","level":"info","event":"Filling up the DagBag from /opt/airflow/dags/9_schedule_cron.py","logger":"airflow.dag_processing.dagbag.BundleDagBag","filename":"dagbag.py","lineno":469}
{"timestamp":"2026-07-19T04:31:13.227185Z","level":"info","event":"Filling up the DagBag from /opt/airflow/dags/9_schedule_cron.py","logger":"airflow.dag_processing.dagbag.BundleDagBag","filename":"dagbag.py","lineno":469}
{"timestamp":"2026-07-19T04:31:44.998681Z","level":"info","event":"Filling up the DagBag from /opt/airflow/dags/9_schedule_cron.py","logger":"airflow.dag_processing.dagbag.BundleDagBag","filename":"dagbag.py","lineno":469}
{"timestamp":"2026-07-19T04:32:19.285853Z","level":"info","event":"Filling up the DagBag from /opt/airflow/dags/9_schedule_cron.py","logger":"airflow.dag_processing.dagbag.BundleDagBag","filename":"dagbag.py","lineno":469}
{"timestamp":"2026-07-19T04:32:49.859919Z","level":"info","event":"Filling up the DagBag from /opt/airflow/dags/9_schedule_cron.py","logger":"airflow.dag_processing.dagbag.BundleDagBag","filename":"dagbag.py","lineno":469}
{"timestamp":"2026-07-19T04:33:20.456601Z","level":"info","event":"Filling up the DagBag from /opt/airflow/dags/9_schedule_cron.py","logger":"airflow.dag_processing.dagbag.BundleDagBag","filename":"dagbag.py","lineno":469}
{"timestamp":"2026-07-19T17:09:37.797691Z","level":"info","event":"Filling up the DagBag from /opt/airflow/dags/9_schedule_cron.py","logger":"airflow.dag_processing.dagbag.BundleDagBag","filename":"dagbag.py","lineno":469}
{"timestamp":"2026-07-19T17:10:10.077042Z","level":"info","event":"Filling up the DagBag from /opt/airflow/dags/9_schedule_cron.py","logger":"airflow.dag_processing.dagbag.BundleDagBag","filename":"dagbag.py","lineno":469}
{"timestamp":"2026-07-19T17:10:40.773571Z","level":"info","event":"Filling up the DagBag from /opt/airflow/dags/9_schedule_cron.py","logger":"airflow.dag_processing.dagbag.BundleDagBag","filename":"dagbag.py","lineno":469}
{"timestamp":"2026-07-19T17:11:11.182235Z","level":"info","event":"Filling up the DagBag from /opt/airflow/dags/9_schedule_cron.py","logger":"airflow.dag_processing.dagbag.BundleDagBag","filename":"dagbag.py","lineno":469}
{"timestamp":"2026-07-19T17:11:41.823978Z","level":"info","event":"Filling up the DagBag from /opt/airflow/dags/9_schedule_cron.py","logger":"airflow.dag_processing.dagbag.BundleDagBag","filename":"dagbag.py","lineno":469}
{"timestamp":"2026-07-19T17:12:12.161397Z","level":"info","event":"Filling up the DagBag from /opt/airflow/dags/9_schedule_cron.py","logger":"airflow.dag_processing.dagbag.BundleDagBag","filename":"dagbag.py","lineno":469}
{"timestamp":"2026-07-19T17:12:42.574663Z","level":"info","event":"Filling up the DagBag from /opt/airflow/dags/9_schedule_cron.py","logger":"airflow.dag_processing.dagbag.BundleDagBag","filename":"dagbag.py","lineno":469}
{"timestamp":"2026-07-19T17:13:12.836912Z","level":"info","event":"Filling up the DagBag from /opt/airflow/dags/9_schedule_cron.py","logger":"airflow.dag_processing.dagbag.BundleDagBag","filename":"dagbag.py","lineno":469}
{"timestamp":"2026-07-19T17:13:43.635077Z","level":"info","event":"Filling up the DagBag from /opt/airflow/dags/9_schedule_cron.py","logger":"airflow.dag_processing.dagbag.BundleDagBag","filename":"dagbag.py","lineno":469}
{"timestamp":"2026-07-19T17:14:13.989562Z","level":"info","event":"Filling up the DagBag from /opt/airflow/dags/9_schedule_cron.py","logger":"airflow.dag_processing.dagbag.BundleDagBag","filename":"dagbag.py","lineno":469}
{"timestamp":"2026-07-19T17:14:44.755902Z","level":"info","event":"Filling up the DagBag from /opt/airflow/dags/9_schedule_cron.py","logger":"airflow.dag_processing.dagbag.BundleDagBag","filename":"dagbag.py","lineno":469}
{"timestamp":"2026-07-19T17:15:15.157656Z","level":"info","event":"Filling up the DagBag from /opt/airflow/dags/9_schedule_cron.py","logger":"airflow.dag_processing.dagbag.BundleDagBag","filename":"dagbag.py","lineno":469}
{"timestamp":"2026-07-19T17:15:45.440751Z","level":"info","event":"Filling up the DagBag from /opt/airflow/dags/9_schedule_cron.py","logger":"airflow.dag_processing.dagbag.BundleDagBag","filename":"dagbag.py","lineno":469}
{"timestamp":"2026-07-19T17:16:15.691537Z","level":"info","event":"Filling up the DagBag from /opt/airflow/dags/9_schedule_cron.py","logger":"airflow.dag_processing.dagbag.BundleDagBag","filename":"dagbag.py","lineno":469}
{"timestamp":"2026-07-19T17:16:46.000568Z","level":"info","event":"Filling up the DagBag from /opt/airflow/dags/9_schedule_cron.py","logger":"airflow.dag_processing.dagbag.BundleDagBag","filename":"dagbag.py","lineno":469}
{"timestamp":"2026-07-19T17:17:16.323836Z","level":"info","event":"Filling up the DagBag from /opt/airflow/dags/9_schedule_cron.py","logger":"airflow.dag_processing.dagbag.BundleDagBag","filename":"dagbag.py","lineno":469}
{"timestamp":"2026-07-19T17:17:46.639240Z","level":"info","event":"Filling up the DagBag from /opt/airflow/dags/9_schedule_cron.py","logger":"airflow.dag_processing.dagbag.BundleDagBag","filename":"dagbag.py","lineno":469}
{"timestamp":"2026-07-19T17:18:17.007995Z","level":"info","event":"Filling up the DagBag from /opt/airflow/dags/9_schedule_cron.py","logger":"airflow.dag_processing.dagbag.BundleDagBag","filename":"dagbag.py","lineno":469}
{"timestamp":"2026-07-19T17:18:47.206822Z","level":"info","event":"Filling up the DagBag from /opt/airflow/dags/9_schedule_cron.py","logger":"airflow.dag_processing.dagbag.BundleDagBag","filename":"dagbag.py","lineno":469}
{"timestamp":"2026-07-19T17:19:17.766302Z","level":"info","event":"Filling up the DagBag from /opt/airflow/dags/9_schedule_cron.py","logger":"airflow.dag_processing.dagbag.BundleDagBag","filename":"dagbag.py","lineno":469}
{"timestamp":"2026-07-19T17:19:48.472952Z","level":"info","event":"Filling up the DagBag from /opt/airflow/dags/9_schedule_cron.py","logger":"airflow.dag_processing.dagbag.BundleDagBag","filename":"dagbag.py","lineno":469}
{"timestamp":"2026-07-19T17:20:18.825517Z","level":"info","event":"Filling up the DagBag from /opt/airflow/dags/9_schedule_cron.py","logger":"airflow.dag_processing.dagbag.BundleDagBag","filename":"dagbag.py","lineno":469}
{"timestamp":"2026-07-19T17:20:49.343918Z","level":"info","event":"Filling up the DagBag from /opt/airflow/dags/9_schedule_cron.py","logger":"airflow.dag_processing.dagbag.BundleDagBag","filename":"dagbag.py","lineno":469}
{"timestamp":"2026-07-19T17:21:19.603609Z","level":"info","event":"Filling up the DagBag from /opt/airflow/dags/9_schedule_cron.py","logger":"airflow.dag_processing.dagbag.BundleDagBag","filename":"dagbag.py","lineno":469}
{"timestamp":"2026-07-19T17:21:49.979921Z","level":"info","event":"Filling up the DagBag from /opt/airflow/dags/9_schedule_cron.py","logger":"airflow.dag_processing.dagbag.BundleDagBag","filename":"dagbag.py","lineno":469}
{"timestamp":"2026-07-19T17:22:20.177689Z","level":"info","event":"Filling up the DagBag from /opt/airflow/dags/9_schedule_cron.py","logger":"airflow.dag_processing.dagbag.BundleDagBag","filename":"dagbag.py","lineno":469}
{"timestamp":"2026-07-19T17:22:50.490322Z","level":"info","event":"Filling up the DagBag from /opt/airflow/dags/9_schedule_cron.py","logger":"airflow.dag_processing.dagbag.BundleDagBag","filename":"dagbag.py","lineno":469}
{"timestamp":"2026-07-19T17:23:20.804210Z","level":"info","event":"Filling up the DagBag from /opt/airflow/dags/9_schedule_cron.py","logger":"airflow.dag_processing.dagbag.BundleDagBag","filename":"dagbag.py","lineno":469}
{"timestamp":"2026-07-19T17:23:51.856554Z","level":"info","event":"Filling up the DagBag from /opt/airflow/dags/9_schedule_cron.py","logger":"airflow.dag_processing.dagbag.BundleDagBag","filename":"dagbag.py","lineno":469}
{"timestamp":"2026-07-19T17:24:22.264133Z","level":"info","event":"Filling up the DagBag from /opt/airflow/dags/9_schedule_cron.py","logger":"airflow.dag_processing.dagbag.BundleDagBag","filename":"dagbag.py","lineno":469}
{"timestamp":"2026-07-19T17:24:53.332318Z","level":"info","event":"Filling up the DagBag from /opt/airflow/dags/9_schedule_cron.py","logger":"airflow.dag_processing.dagbag.BundleDagBag","filename":"dagbag.py","lineno":469}
{"timestamp":"2026-07-19T17:25:23.802699Z","level":"info","event":"Filling up the DagBag from /opt/airflow/dags/9_schedule_cron.py","logger":"airflow.dag_processing.dagbag.BundleDagBag","filename":"dagbag.py","lineno":469}
{"timestamp":"2026-07-19T17:25:54.075754Z","level":"info","event":"Filling up the DagBag from /opt/airflow/dags/9_schedule_cron.py","logger":"airflow.dag_processing.dagbag.BundleDagBag","filename":"dagbag.py","lineno":469}
{"timestamp":"2026-07-19T17:26:24.626634Z","level":"info","event":"Filling up the DagBag from /opt/airflow/dags/9_schedule_cron.py","logger":"airflow.dag_processing.dagbag.BundleDagBag","filename":"dagbag.py","lineno":469}
{"timestamp":"2026-07-19T17:26:54.912829Z","level":"info","event":"Filling up the DagBag from /opt/airflow/dags/9_schedule_cron.py","logger":"airflow.dag_processing.dagbag.BundleDagBag","filename":"dagbag.py","lineno":469}
{"timestamp":"2026-07-19T17:27:25.316094Z","level":"info","event":"Filling up the DagBag from /opt/airflow/dags/9_schedule_cron.py","logger":"airflow.dag_processing.dagbag.BundleDagBag","filename":"dagbag.py","lineno":469}
{"timestamp":"2026-07-19T17:27:55.776909Z","level":"info","event":"Filling up the DagBag from /opt/airflow/dags/9_schedule_cron.py","logger":"airflow.dag_processing.dagbag.BundleDagBag","filename":"dagbag.py","lineno":469}
{"timestamp":"2026-07-19T17:28:26.072321Z","level":"info","event":"Filling up the DagBag from /opt/airflow/dags/9_schedule_cron.py","logger":"airflow.dag_processing.dagbag.BundleDagBag","filename":"dagbag.py","lineno":469}
{"timestamp":"2026-07-19T17:28:56.373666Z","level":"info","event":"Filling up the DagBag from /opt/airflow/dags/9_schedule_cron.py","logger":"airflow.dag_processing.dagbag.BundleDagBag","filename":"dagbag.py","lineno":469}
{"timestamp":"2026-07-19T17:29:26.653473Z","level":"info","event":"Filling up the DagBag from /opt/airflow/dags/9_schedule_cron.py","logger":"airflow.dag_processing.dagbag.BundleDagBag","filename":"dagbag.py","lineno":469}
{"timestamp":"2026-07-19T17:29:57.089644Z","level":"info","event":"Filling up the DagBag from /opt/airflow/dags/9_schedule_cron.py","logger":"airflow.dag_processing.dagbag.BundleDagBag","filename":"dagbag.py","lineno":469}
{"timestamp":"2026-07-19T17:30:27.395193Z","level":"info","event":"Filling up the DagBag from /opt/airflow/dags/9_schedule_cron.py","logger":"airflow.dag_processing.dagbag.BundleDagBag","filename":"dagbag.py","lineno":469}
{"timestamp":"2026-07-19T17:30:57.775478Z","level":"info","event":"Filling up the DagBag from /opt/airflow/dags/9_schedule_cron.py","logger":"airflow.dag_processing.dagbag.BundleDagBag","filename":"dagbag.py","lineno":469}
{"timestamp":"2026-07-19T17:31:28.177049Z","level":"info","event":"Filling up the DagBag from /opt/airflow/dags/9_schedule_cron.py","logger":"airflow.dag_processing.dagbag.BundleDagBag","filename":"dagbag.py","lineno":469}
{"timestamp":"2026-07-19T17:31:58.890306Z","level":"info","event":"Filling up the DagBag from /opt/airflow/dags/9_schedule_cron.py","logger":"airflow.dag_processing.dagbag.BundleDagBag","filename":"dagbag.py","lineno":469}
{"timestamp":"2026-07-19T17:32:29.234686Z","level":"info","event":"Filling up the DagBag from /opt/airflow/dags/9_schedule_cron.py","logger":"airflow.dag_processing.dagbag.BundleDagBag","filename":"dagbag.py","lineno":469}
{"timestamp":"2026-07-19T17:32:59.552282Z","level":"info","event":"Filling up the DagBag from /opt/airflow/dags/9_schedule_cron.py","logger":"airflow.dag_processing.dagbag.BundleDagBag","filename":"dagbag.py","lineno":469}
{"timestamp":"2026-07-19T17:33:29.934126Z","level":"info","event":"Filling up the DagBag from /opt/airflow/dags/9_schedule_cron.py","logger":"airflow.dag_processing.dagbag.BundleDagBag","filename":"dagbag.py","lineno":469}
{"timestamp":"2026-07-19T17:34:00.197735Z","level":"info","event":"Filling up the DagBag from /opt/airflow/dags/9_schedule_cron.py","logger":"airflow.dag_processing.dagbag.BundleDagBag","filename":"dagbag.py","lineno":469}
{"timestamp":"2026-07-19T17:34:30.636542Z","level":"info","event":"Filling up the DagBag from /opt/airflow/dags/9_schedule_cron.py","logger":"airflow.dag_processing.dagbag.BundleDagBag","filename":"dagbag.py","lineno":469}
{"timestamp":"2026-07-19T17:35:01.066947Z","level":"info","event":"Filling up the DagBag from /opt/airflow/dags/9_schedule_cron.py","logger":"airflow.dag_processing.dagbag.BundleDagBag","filename":"dagbag.py","lineno":469}
{"timestamp":"2026-07-19T17:35:31.591162Z","level":"info","event":"Filling up the DagBag from /opt/airflow/dags/9_schedule_cron.py","logger":"airflow.dag_processing.dagbag.BundleDagBag","filename":"dagbag.py","lineno":469}
{"timestamp":"2026-07-19T17:36:02.060395Z","level":"info","event":"Filling up the DagBag from /opt/airflow/dags/9_schedule_cron.py","logger":"airflow.dag_processing.dagbag.BundleDagBag","filename":"dagbag.py","lineno":469}
{"timestamp":"2026-07-19T17:36:32.482155Z","level":"info","event":"Filling up the DagBag from /opt/airflow/dags/9_schedule_cron.py","logger":"airflow.dag_processing.dagbag.BundleDagBag","filename":"dagbag.py","lineno":469}
{"timestamp":"2026-07-19T17:37:02.842511Z","level":"info","event":"Filling up the DagBag from /opt/airflow/dags/9_schedule_cron.py","logger":"airflow.dag_processing.dagbag.BundleDagBag","filename":"dagbag.py","lineno":469}
{"timestamp":"2026-07-19T17:37:33.189876Z","level":"info","event":"Filling up the DagBag from /opt/airflow/dags/9_schedule_cron.py","logger":"airflow.dag_processing.dagbag.BundleDagBag","filename":"dagbag.py","lineno":469}
{"timestamp":"2026-07-19T17:38:03.764197Z","level":"info","event":"Filling up the DagBag from /opt/airflow/dags/9_schedule_cron.py","logger":"airflow.dag_processing.dagbag.BundleDagBag","filename":"dagbag.py","lineno":469}
{"timestamp":"2026-07-19T17:38:34.217862Z","level":"info","event":"Filling up the DagBag from /opt/airflow/dags/9_schedule_cron.py","logger":"airflow.dag_processing.dagbag.BundleDagBag","filename":"dagbag.py","lineno":469}
{"timestamp":"2026-07-19T17:39:04.682721Z","level":"info","event":"Filling up the DagBag from /opt/airflow/dags/9_schedule_cron.py","logger":"airflow.dag_processing.dagbag.BundleDagBag","filename":"dagbag.py","lineno":469}
{"timestamp":"2026-07-19T17:39:35.360931Z","level":"info","event":"Filling up the DagBag from /opt/airflow/dags/9_schedule_cron.py","logger":"airflow.dag_processing.dagbag.BundleDagBag","filename":"dagbag.py","lineno":469}
{"timestamp":"2026-07-19T17:40:05.676123Z","level":"info","event":"Filling up the DagBag from /opt/airflow/dags/9_schedule_cron.py","logger":"airflow.dag_processing.dagbag.BundleDagBag","filename":"dagbag.py","lineno":469}
{"timestamp":"2026-07-19T17:40:36.215269Z","level":"info","event":"Filling up the DagBag from /opt/airflow/dags/9_schedule_cron.py","logger":"airflow.dag_processing.dagbag.BundleDagBag","filename":"dagbag.py","lineno":469}
{"timestamp":"2026-07-19T17:41:06.703009Z","level":"info","event":"Filling up the DagBag from /opt/airflow/dags/9_schedule_cron.py","logger":"airflow.dag_processing.dagbag.BundleDagBag","filename":"dagbag.py","lineno":469}
{"timestamp":"2026-07-19T17:41:37.079604Z","level":"info","event":"Filling up the DagBag from /opt/airflow/dags/9_schedule_cron.py","logger":"airflow.dag_processing.dagbag.BundleDagBag","filename":"dagbag.py","lineno":469}
{"timestamp":"2026-07-19T17:42:08.094751Z","level":"info","event":"Filling up the DagBag from /opt/airflow/dags/9_schedule_cron.py","logger":"airflow.dag_processing.dagbag.BundleDagBag","filename":"dagbag.py","lineno":469}
{"timestamp":"2026-07-19T17:42:38.674688Z","level":"info","event":"Filling up the DagBag from /opt/airflow/dags/9_schedule_cron.py","logger":"airflow.dag_processing.dagbag.BundleDagBag","filename":"dagbag.py","lineno":469}
{"timestamp":"2026-07-19T17:43:09.336322Z","level":"info","event":"Filling up the DagBag from /opt/airflow/dags/9_schedule_cron.py","logger":"airflow.dag_processing.dagbag.BundleDagBag","filename":"dagbag.py","lineno":469}
{"timestamp":"2026-07-19T17:43:39.893116Z","level":"info","event":"Filling up the DagBag from /opt/airflow/dags/9_schedule_cron.py","logger":"airflow.dag_processing.dagbag.BundleDagBag","filename":"dagbag.py","lineno":469}
{"timestamp":"2026-07-19T17:44:10.445481Z","level":"info","event":"Filling up the DagBag from /opt/airflow/dags/9_schedule_cron.py","logger":"airflow.dag_processing.dagbag.BundleDagBag","filename":"dagbag.py","lineno":469}
{"timestamp":"2026-07-19T17:44:41.004218Z","level":"info","event":"Filling up the DagBag from /opt/airflow/dags/9_schedule_cron.py","logger":"airflow.dag_processing.dagbag.BundleDagBag","filename":"dagbag.py","lineno":469}
{"timestamp":"2026-07-19T17:45:11.633124Z","level":"info","event":"Filling up the DagBag from /opt/airflow/dags/9_schedule_cron.py","logger":"airflow.dag_processing.dagbag.BundleDagBag","filename":"dagbag.py","lineno":469}
{"timestamp":"2026-07-19T17:45:42.099280Z","level":"info","event":"Filling up the DagBag from /opt/airflow/dags/9_schedule_cron.py","logger":"airflow.dag_processing.dagbag.BundleDagBag","filename":"dagbag.py","lineno":469}
{"timestamp":"2026-07-19T17:46:12.555042Z","level":"info","event":"Filling up the DagBag from /opt/airflow/dags/9_schedule_cron.py","logger":"airflow.dag_processing.dagbag.BundleDagBag","filename":"dagbag.py","lineno":469}
{"timestamp":"2026-07-19T17:46:43.030361Z","level":"info","event":"Filling up the DagBag from /opt/airflow/dags/9_schedule_cron.py","logger":"airflow.dag_processing.dagbag.BundleDagBag","filename":"dagbag.py","lineno":469}
{"timestamp":"2026-07-19T17:47:13.641554Z","level":"info","event":"Filling up the DagBag from /opt/airflow/dags/9_schedule_cron.py","logger":"airflow.dag_processing.dagbag.BundleDagBag","filename":"dagbag.py","lineno":469}
{"timestamp":"2026-07-19T17:47:44.466760Z","level":"info","event":"Filling up the DagBag from /opt/airflow/dags/9_schedule_cron.py","logger":"airflow.dag_processing.dagbag.BundleDagBag","filename":"dagbag.py","lineno":469}
{"timestamp":"2026-07-19T17:48:15.214108Z","level":"info","event":"Filling up the DagBag from /opt/airflow/dags/9_schedule_cron.py","logger":"airflow.dag_processing.dagbag.BundleDagBag","filename":"dagbag.py","lineno":469}
{"timestamp":"2026-07-19T17:48:45.867754Z","level":"info","event":"Filling up the DagBag from /opt/airflow/dags/9_schedule_cron.py","logger":"airflow.dag_processing.dagbag.BundleDagBag","filename":"dagbag.py","lineno":469}
{"timestamp":"2026-07-19T17:49:16.540219Z","level":"info","event":"Filling up the DagBag from /opt/airflow/dags/9_schedule_cron.py","logger":"airflow.dag_processing.dagbag.BundleDagBag","filename":"dagbag.py","lineno":469}
{"timestamp":"2026-07-19T17:49:46.821639Z","level":"info","event":"Filling up the DagBag from /opt/airflow/dags/9_schedule_cron.py","logger":"airflow.dag_processing.dagbag.BundleDagBag","filename":"dagbag.py","lineno":469}
{"timestamp":"2026-07-19T17:50:17.375411Z","level":"info","event":"Filling up the DagBag from /opt/airflow/dags/9_schedule_cron.py","logger":"airflow.dag_processing.dagbag.BundleDagBag","filename":"dagbag.py","lineno":469}
{"timestamp":"2026-07-19T17:50:47.775941Z","level":"info","event":"Filling up the DagBag from /opt/airflow/dags/9_schedule_cron.py","logger":"airflow.dag_processing.dagbag.BundleDagBag","filename":"dagbag.py","lineno":469}
{"timestamp":"2026-07-19T17:51:18.631564Z","level":"info","event":"Filling up the DagBag from /opt/airflow/dags/9_schedule_cron.py","logger":"airflow.dag_processing.dagbag.BundleDagBag","filename":"dagbag.py","lineno":469}
{"timestamp":"2026-07-19T17:51:49.227086Z","level":"info","event":"Filling up the DagBag from /opt/airflow/dags/9_schedule_cron.py","logger":"airflow.dag_processing.dagbag.BundleDagBag","filename":"dagbag.py","lineno":469}
{"timestamp":"2026-07-19T17:52:19.885786Z","level":"info","event":"Filling up the DagBag from /opt/airflow/dags/9_schedule_cron.py","logger":"airflow.dag_processing.dagbag.BundleDagBag","filename":"dagbag.py","lineno":469}
{"timestamp":"2026-07-19T17:52:50.533192Z","level":"info","event":"Filling up the DagBag from /opt/airflow/dags/9_schedule_cron.py","logger":"airflow.dag_processing.dagbag.BundleDagBag","filename":"dagbag.py","lineno":469}
{"timestamp":"2026-07-19T17:53:20.809384Z","level":"info","event":"Filling up the DagBag from /opt/airflow/dags/9_schedule_cron.py","logger":"airflow.dag_processing.dagbag.BundleDagBag","filename":"dagbag.py","lineno":469}
{"timestamp":"2026-07-19T17:53:51.614112Z","level":"info","event":"Filling up the DagBag from /opt/airflow/dags/9_schedule_cron.py","logger":"airflow.dag_processing.dagbag.BundleDagBag","filename":"dagbag.py","lineno":469}
{"timestamp":"2026-07-19T17:54:22.388105Z","level":"info","event":"Filling up the DagBag from /opt/airflow/dags/9_schedule_cron.py","logger":"airflow.dag_processing.dagbag.BundleDagBag","filename":"dagbag.py","lineno":469}
{"timestamp":"2026-07-19T17:54:53.038263Z","level":"info","event":"Filling up the DagBag from /opt/airflow/dags/9_schedule_cron.py","logger":"airflow.dag_processing.dagbag.BundleDagBag","filename":"dagbag.py","lineno":469}
{"timestamp":"2026-07-19T17:55:23.840554Z","level":"info","event":"Filling up the DagBag from /opt/airflow/dags/9_schedule_cron.py","logger":"airflow.dag_processing.dagbag.BundleDagBag","filename":"dagbag.py","lineno":469}
{"timestamp":"2026-07-19T17:55:55.009686Z","level":"info","event":"Filling up the DagBag from /opt/airflow/dags/9_schedule_cron.py","logger":"airflow.dag_processing.dagbag.BundleDagBag","filename":"dagbag.py","lineno":469}
{"timestamp":"2026-07-19T17:56:25.452638Z","level":"info","event":"Filling up the DagBag from /opt/airflow/dags/9_schedule_cron.py","logger":"airflow.dag_processing.dagbag.BundleDagBag","filename":"dagbag.py","lineno":469}
{"timestamp":"2026-07-19T17:56:55.728058Z","level":"info","event":"Filling up the DagBag from /opt/airflow/dags/9_schedule_cron.py","logger":"airflow.dag_processing.dagbag.BundleDagBag","filename":"dagbag.py","lineno":469}
{"timestamp":"2026-07-19T17:57:26.313871Z","level":"info","event":"Filling up the DagBag from /opt/airflow/dags/9_schedule_cron.py","logger":"airflow.dag_processing.dagbag.BundleDagBag","filename":"dagbag.py","lineno":469}
{"timestamp":"2026-07-19T17:57:57.026467Z","level":"info","event":"Filling up the DagBag from /opt/airflow/dags/9_schedule_cron.py","logger":"airflow.dag_processing.dagbag.BundleDagBag","filename":"dagbag.py","lineno":469}
{"timestamp":"2026-07-19T17:58:21.781817Z","level":"info","event":"Filling up the DagBag from /opt/airflow/dags/9_schedule_cron.py","logger":"airflow.dag_processing.dagbag.BundleDagBag","filename":"dagbag.py","lineno":469}
{"timestamp":"2026-07-19T17:58:27.151510Z","level":"info","event":"Filling up the DagBag from /opt/airflow/dags/9_schedule_cron.py","logger":"airflow.dag_processing.dagbag.BundleDagBag","filename":"dagbag.py","lineno":469}
{"timestamp":"2026-07-19T17:58:27.180517Z","level":"error","event":"Failed to import: /opt/airflow/dags/9_schedule_cron.py","logger":"airflow.dag_processing.importers.python_importer","filename":"python_importer.py","lineno":244,"error_detail":[{"exc_type":"SyntaxError","exc_value":"invalid syntax. Perhaps you forgot a comma? (9_schedule_cron.py, line 11)","exc_notes":[],"syntax_error":{"offset":9,"filename":"/opt/airflow/dags/9_schedule_cron.py","line":"        is_p\n","lineno":11,"msg":"invalid syntax. Perhaps you forgot a comma?"},"is_cause":false,"frames":[{"filename":"/home/airflow/.local/lib/python3.13/site-packages/airflow/dag_processing/importers/python_importer.py","lineno":238,"name":"parse"},{"filename":"<frozen importlib._bootstrap_external>","lineno":1019,"name":"exec_module"},{"filename":"<frozen importlib._bootstrap_external>","lineno":1157,"name":"get_code"},{"filename":"<frozen importlib._bootstrap_external>","lineno":1087,"name":"source_to_code"},{"filename":"<frozen importlib._bootstrap>","lineno":488,"name":"_call_with_frames_removed"}],"is_group":false,"exceptions":[]}]}
{"timestamp":"2026-07-19T17:58:27.182374Z","level":"error","event":"Error loading DAG from 9_schedule_cron.py: invalid syntax. Perhaps you forgot a comma? (9_schedule_cron.py, line 11)","logger":"airflow.dag_processing.dagbag.BundleDagBag","filename":"dagbag.py","lineno":327}
{"timestamp":"2026-07-19T17:58:28.515276Z","level":"info","event":"Filling up the DagBag from /opt/airflow/dags/9_schedule_cron.py","logger":"airflow.dag_processing.dagbag.BundleDagBag","filename":"dagbag.py","lineno":469}
{"timestamp":"2026-07-19T17:58:28.548776Z","level":"error","event":"Failed to import: /opt/airflow/dags/9_schedule_cron.py","logger":"airflow.dag_processing.importers.python_importer","filename":"python_importer.py","lineno":244,"error_detail":[{"exc_type":"SyntaxError","exc_value":"invalid syntax. Perhaps you forgot a comma? (9_schedule_cron.py, line 11)","exc_notes":[],"syntax_error":{"offset":9,"filename":"/opt/airflow/dags/9_schedule_cron.py","line":"        is_pa\n","lineno":11,"msg":"invalid syntax. Perhaps you forgot a comma?"},"is_cause":false,"frames":[{"filename":"/home/airflow/.local/lib/python3.13/site-packages/airflow/dag_processing/importers/python_importer.py","lineno":238,"name":"parse"},{"filename":"<frozen importlib._bootstrap_external>","lineno":1019,"name":"exec_module"},{"filename":"<frozen importlib._bootstrap_external>","lineno":1157,"name":"get_code"},{"filename":"<frozen importlib._bootstrap_external>","lineno":1087,"name":"source_to_code"},{"filename":"<frozen importlib._bootstrap>","lineno":488,"name":"_call_with_frames_removed"}],"is_group":false,"exceptions":[]}]}
{"timestamp":"2026-07-19T17:58:28.550278Z","level":"error","event":"Error loading DAG from 9_schedule_cron.py: invalid syntax. Perhaps you forgot a comma? (9_schedule_cron.py, line 11)","logger":"airflow.dag_processing.dagbag.BundleDagBag","filename":"dagbag.py","lineno":327}
{"timestamp":"2026-07-19T17:58:29.900877Z","level":"info","event":"Filling up the DagBag from /opt/airflow/dags/9_schedule_cron.py","logger":"airflow.dag_processing.dagbag.BundleDagBag","filename":"dagbag.py","lineno":469}
{"timestamp":"2026-07-19T17:58:37.690196Z","level":"info","event":"Filling up the DagBag from /opt/airflow/dags/9_schedule_cron.py","logger":"airflow.dag_processing.dagbag.BundleDagBag","filename":"dagbag.py","lineno":469}
{"timestamp":"2026-07-19T17:59:08.817461Z","level":"info","event":"Filling up the DagBag from /opt/airflow/dags/9_schedule_cron.py","logger":"airflow.dag_processing.dagbag.BundleDagBag","filename":"dagbag.py","lineno":469}
{"timestamp":"2026-07-19T17:59:39.635215Z","level":"info","event":"Filling up the DagBag from /opt/airflow/dags/9_schedule_cron.py","logger":"airflow.dag_processing.dagbag.BundleDagBag","filename":"dagbag.py","lineno":469}
{"timestamp":"2026-07-19T18:00:10.239277Z","level":"info","event":"Filling up the DagBag from /opt/airflow/dags/9_schedule_cron.py","logger":"airflow.dag_processing.dagbag.BundleDagBag","filename":"dagbag.py","lineno":469}
{"timestamp":"2026-07-19T18:00:41.105628Z","level":"info","event":"Filling up the DagBag from /opt/airflow/dags/9_schedule_cron.py","logger":"airflow.dag_processing.dagbag.BundleDagBag","filename":"dagbag.py","lineno":469}
{"timestamp":"2026-07-19T18:01:11.941938Z","level":"info","event":"Filling up the DagBag from /opt/airflow/dags/9_schedule_cron.py","logger":"airflow.dag_processing.dagbag.BundleDagBag","filename":"dagbag.py","lineno":469}
{"timestamp":"2026-07-19T18:01:20.741752Z","level":"info","event":"Filling up the DagBag from /opt/airflow/dags/9_schedule_cron.py","logger":"airflow.dag_processing.dagbag.BundleDagBag","filename":"dagbag.py","lineno":469}
{"timestamp":"2026-07-19T18:01:20.773800Z","level":"error","event":"Failed to import: /opt/airflow/dags/9_schedule_cron.py","logger":"airflow.dag_processing.importers.python_importer","filename":"python_importer.py","lineno":244,"error_detail":[{"exc_type":"SyntaxError","exc_value":"expected argument value expression (9_schedule_cron.py, line 8)","exc_notes":[],"syntax_error":{"offset":40,"filename":"/opt/airflow/dags/9_schedule_cron.py","line":"        start_date=datetime(year=2026, month=, day=1,tz=\"UTC\"),\n","lineno":8,"msg":"expected argument value expression"},"is_cause":false,"frames":[{"filename":"/home/airflow/.local/lib/python3.13/site-packages/airflow/dag_processing/importers/python_importer.py","lineno":238,"name":"parse"},{"filename":"<frozen importlib._bootstrap_external>","lineno":1019,"name":"exec_module"},{"filename":"<frozen importlib._bootstrap_external>","lineno":1157,"name":"get_code"},{"filename":"<frozen importlib._bootstrap_external>","lineno":1087,"name":"source_to_code"},{"filename":"<frozen importlib._bootstrap>","lineno":488,"name":"_call_with_frames_removed"}],"is_group":false,"exceptions":[]}]}
{"timestamp":"2026-07-19T18:01:20.776074Z","level":"error","event":"Error loading DAG from 9_schedule_cron.py: expected argument value expression (9_schedule_cron.py, line 8)","logger":"airflow.dag_processing.dagbag.BundleDagBag","filename":"dagbag.py","lineno":327}
{"timestamp":"2026-07-19T18:01:21.947006Z","level":"info","event":"Filling up the DagBag from /opt/airflow/dags/9_schedule_cron.py","logger":"airflow.dag_processing.dagbag.BundleDagBag","filename":"dagbag.py","lineno":469}
{"timestamp":"2026-07-19T18:01:29.471130Z","level":"info","event":"Filling up the DagBag from /opt/airflow/dags/9_schedule_cron.py","logger":"airflow.dag_processing.dagbag.BundleDagBag","filename":"dagbag.py","lineno":469}
{"timestamp":"2026-07-19T18:01:37.311568Z","level":"info","event":"Filling up the DagBag from /opt/airflow/dags/9_schedule_cron.py","logger":"airflow.dag_processing.dagbag.BundleDagBag","filename":"dagbag.py","lineno":469}
{"timestamp":"2026-07-19T18:01:41.734358Z","level":"info","event":"Filling up the DagBag from /opt/airflow/dags/9_schedule_cron.py","logger":"airflow.dag_processing.dagbag.BundleDagBag","filename":"dagbag.py","lineno":469}
{"timestamp":"2026-07-19T18:02:12.207398Z","level":"info","event":"Filling up the DagBag from /opt/airflow/dags/9_schedule_cron.py","logger":"airflow.dag_processing.dagbag.BundleDagBag","filename":"dagbag.py","lineno":469}
{"timestamp":"2026-07-19T18:02:42.510598Z","level":"info","event":"Filling up the DagBag from /opt/airflow/dags/9_schedule_cron.py","logger":"airflow.dag_processing.dagbag.BundleDagBag","filename":"dagbag.py","lineno":469}
{"timestamp":"2026-07-19T18:03:13.250312Z","level":"info","event":"Filling up the DagBag from /opt/airflow/dags/9_schedule_cron.py","logger":"airflow.dag_processing.dagbag.BundleDagBag","filename":"dagbag.py","lineno":469}
{"timestamp":"2026-07-19T18:03:44.531793Z","level":"info","event":"Filling up the DagBag from /opt/airflow/dags/9_schedule_cron.py","logger":"airflow.dag_processing.dagbag.BundleDagBag","filename":"dagbag.py","lineno":469}
{"timestamp":"2026-07-19T18:04:14.994711Z","level":"info","event":"Filling up the DagBag from /opt/airflow/dags/9_schedule_cron.py","logger":"airflow.dag_processing.dagbag.BundleDagBag","filename":"dagbag.py","lineno":469}
{"timestamp":"2026-07-19T18:04:46.080623Z","level":"info","event":"Filling up the DagBag from /opt/airflow/dags/9_schedule_cron.py","logger":"airflow.dag_processing.dagbag.BundleDagBag","filename":"dagbag.py","lineno":469}
{"timestamp":"2026-07-19T18:05:16.399350Z","level":"info","event":"Filling up the DagBag from /opt/airflow/dags/9_schedule_cron.py","logger":"airflow.dag_processing.dagbag.BundleDagBag","filename":"dagbag.py","lineno":469}
{"timestamp":"2026-07-19T18:05:46.925459Z","level":"info","event":"Filling up the DagBag from /opt/airflow/dags/9_schedule_cron.py","logger":"airflow.dag_processing.dagbag.BundleDagBag","filename":"dagbag.py","lineno":469}
{"timestamp":"2026-07-19T18:06:17.910181Z","level":"info","event":"Filling up the DagBag from /opt/airflow/dags/9_schedule_cron.py","logger":"airflow.dag_processing.dagbag.BundleDagBag","filename":"dagbag.py","lineno":469}
{"timestamp":"2026-07-19T18:06:48.290728Z","level":"info","event":"Filling up the DagBag from /opt/airflow/dags/9_schedule_cron.py","logger":"airflow.dag_processing.dagbag.BundleDagBag","filename":"dagbag.py","lineno":469}
{"timestamp":"2026-07-19T18:07:18.629985Z","level":"info","event":"Filling up the DagBag from /opt/airflow/dags/9_schedule_cron.py","logger":"airflow.dag_processing.dagbag.BundleDagBag","filename":"dagbag.py","lineno":469}
{"timestamp":"2026-07-19T18:07:49.116722Z","level":"info","event":"Filling up the DagBag from /opt/airflow/dags/9_schedule_cron.py","logger":"airflow.dag_processing.dagbag.BundleDagBag","filename":"dagbag.py","lineno":469}
{"timestamp":"2026-07-19T18:08:19.693906Z","level":"info","event":"Filling up the DagBag from /opt/airflow/dags/9_schedule_cron.py","logger":"airflow.dag_processing.dagbag.BundleDagBag","filename":"dagbag.py","lineno":469}
{"timestamp":"2026-07-19T18:08:50.161162Z","level":"info","event":"Filling up the DagBag from /opt/airflow/dags/9_schedule_cron.py","logger":"airflow.dag_processing.dagbag.BundleDagBag","filename":"dagbag.py","lineno":469}
{"timestamp":"2026-07-19T18:09:20.654387Z","level":"info","event":"Filling up the DagBag from /opt/airflow/dags/9_schedule_cron.py","logger":"airflow.dag_processing.dagbag.BundleDagBag","filename":"dagbag.py","lineno":469}
{"timestamp":"2026-07-19T18:09:51.136263Z","level":"info","event":"Filling up the DagBag from /opt/airflow/dags/9_schedule_cron.py","logger":"airflow.dag_processing.dagbag.BundleDagBag","filename":"dagbag.py","lineno":469}
{"timestamp":"2026-07-19T18:10:21.584467Z","level":"info","event":"Filling up the DagBag from /opt/airflow/dags/9_schedule_cron.py","logger":"airflow.dag_processing.dagbag.BundleDagBag","filename":"dagbag.py","lineno":469}
{"timestamp":"2026-07-19T18:10:52.111987Z","level":"info","event":"Filling up the DagBag from /opt/airflow/dags/9_schedule_cron.py","logger":"airflow.dag_processing.dagbag.BundleDagBag","filename":"dagbag.py","lineno":469}
{"timestamp":"2026-07-19T18:11:22.820021Z","level":"info","event":"Filling up the DagBag from /opt/airflow/dags/9_schedule_cron.py","logger":"airflow.dag_processing.dagbag.BundleDagBag","filename":"dagbag.py","lineno":469}
{"timestamp":"2026-07-19T18:11:53.390865Z","level":"info","event":"Filling up the DagBag from /opt/airflow/dags/9_schedule_cron.py","logger":"airflow.dag_processing.dagbag.BundleDagBag","filename":"dagbag.py","lineno":469}
{"timestamp":"2026-07-19T18:12:23.872537Z","level":"info","event":"Filling up the DagBag from /opt/airflow/dags/9_schedule_cron.py","logger":"airflow.dag_processing.dagbag.BundleDagBag","filename":"dagbag.py","lineno":469}
{"timestamp":"2026-07-19T18:12:54.375107Z","level":"info","event":"Filling up the DagBag from /opt/airflow/dags/9_schedule_cron.py","logger":"airflow.dag_processing.dagbag.BundleDagBag","filename":"dagbag.py","lineno":469}
{"timestamp":"2026-07-19T18:13:24.713325Z","level":"info","event":"Filling up the DagBag from /opt/airflow/dags/9_schedule_cron.py","logger":"airflow.dag_processing.dagbag.BundleDagBag","filename":"dagbag.py","lineno":469}
{"timestamp":"2026-07-19T18:13:55.042542Z","level":"info","event":"Filling up the DagBag from /opt/airflow/dags/9_schedule_cron.py","logger":"airflow.dag_processing.dagbag.BundleDagBag","filename":"dagbag.py","lineno":469}
{"timestamp":"2026-07-19T18:14:25.758938Z","level":"info","event":"Filling up the DagBag from /opt/airflow/dags/9_schedule_cron.py","logger":"airflow.dag_processing.dagbag.BundleDagBag","filename":"dagbag.py","lineno":469}
{"timestamp":"2026-07-19T18:14:56.739658Z","level":"info","event":"Filling up the DagBag from /opt/airflow/dags/9_schedule_cron.py","logger":"airflow.dag_processing.dagbag.BundleDagBag","filename":"dagbag.py","lineno":469}
{"timestamp":"2026-07-19T18:15:27.326076Z","level":"info","event":"Filling up the DagBag from /opt/airflow/dags/9_schedule_cron.py","logger":"airflow.dag_processing.dagbag.BundleDagBag","filename":"dagbag.py","lineno":469}
{"timestamp":"2026-07-19T18:15:58.260664Z","level":"info","event":"Filling up the DagBag from /opt/airflow/dags/9_schedule_cron.py","logger":"airflow.dag_processing.dagbag.BundleDagBag","filename":"dagbag.py","lineno":469}
{"timestamp":"2026-07-19T18:16:28.882969Z","level":"info","event":"Filling up the DagBag from /opt/airflow/dags/9_schedule_cron.py","logger":"airflow.dag_processing.dagbag.BundleDagBag","filename":"dagbag.py","lineno":469}
{"timestamp":"2026-07-19T18:16:59.842904Z","level":"info","event":"Filling up the DagBag from /opt/airflow/dags/9_schedule_cron.py","logger":"airflow.dag_processing.dagbag.BundleDagBag","filename":"dagbag.py","lineno":469}
{"timestamp":"2026-07-19T18:17:30.609215Z","level":"info","event":"Filling up the DagBag from /opt/airflow/dags/9_schedule_cron.py","logger":"airflow.dag_processing.dagbag.BundleDagBag","filename":"dagbag.py","lineno":469}
{"timestamp":"2026-07-19T18:18:01.145759Z","level":"info","event":"Filling up the DagBag from /opt/airflow/dags/9_schedule_cron.py","logger":"airflow.dag_processing.dagbag.BundleDagBag","filename":"dagbag.py","lineno":469}
{"timestamp":"2026-07-19T18:18:31.530266Z","level":"info","event":"Filling up the DagBag from /opt/airflow/dags/9_schedule_cron.py","logger":"airflow.dag_processing.dagbag.BundleDagBag","filename":"dagbag.py","lineno":469}
{"timestamp":"2026-07-19T18:19:02.663507Z","level":"info","event":"Filling up the DagBag from /opt/airflow/dags/9_schedule_cron.py","logger":"airflow.dag_processing.dagbag.BundleDagBag","filename":"dagbag.py","lineno":469}
{"timestamp":"2026-07-19T18:19:33.566887Z","level":"info","event":"Filling up the DagBag from /opt/airflow/dags/9_schedule_cron.py","logger":"airflow.dag_processing.dagbag.BundleDagBag","filename":"dagbag.py","lineno":469}
{"timestamp":"2026-07-19T18:20:04.617234Z","level":"info","event":"Filling up the DagBag from /opt/airflow/dags/9_schedule_cron.py","logger":"airflow.dag_processing.dagbag.BundleDagBag","filename":"dagbag.py","lineno":469}
{"timestamp":"2026-07-19T18:20:35.009584Z","level":"info","event":"Filling up the DagBag from /opt/airflow/dags/9_schedule_cron.py","logger":"airflow.dag_processing.dagbag.BundleDagBag","filename":"dagbag.py","lineno":469}
{"timestamp":"2026-07-19T18:21:05.299034Z","level":"info","event":"Filling up the DagBag from /opt/airflow/dags/9_schedule_cron.py","logger":"airflow.dag_processing.dagbag.BundleDagBag","filename":"dagbag.py","lineno":469}
{"timestamp":"2026-07-19T18:21:36.260458Z","level":"info","event":"Filling up the DagBag from /opt/airflow/dags/9_schedule_cron.py","logger":"airflow.dag_processing.dagbag.BundleDagBag","filename":"dagbag.py","lineno":469}
{"timestamp":"2026-07-19T18:22:07.253939Z","level":"info","event":"Filling up the DagBag from /opt/airflow/dags/9_schedule_cron.py","logger":"airflow.dag_processing.dagbag.BundleDagBag","filename":"dagbag.py","lineno":469}
{"timestamp":"2026-07-19T18:22:37.823190Z","level":"info","event":"Filling up the DagBag from /opt/airflow/dags/9_schedule_cron.py","logger":"airflow.dag_processing.dagbag.BundleDagBag","filename":"dagbag.py","lineno":469}
{"timestamp":"2026-07-19T18:23:08.377932Z","level":"info","event":"Filling up the DagBag from /opt/airflow/dags/9_schedule_cron.py","logger":"airflow.dag_processing.dagbag.BundleDagBag","filename":"dagbag.py","lineno":469}
{"timestamp":"2026-07-19T18:23:39.051454Z","level":"info","event":"Filling up the DagBag from /opt/airflow/dags/9_schedule_cron.py","logger":"airflow.dag_processing.dagbag.BundleDagBag","filename":"dagbag.py","lineno":469}
{"timestamp":"2026-07-19T18:24:09.358599Z","level":"info","event":"Filling up the DagBag from /opt/airflow/dags/9_schedule_cron.py","logger":"airflow.dag_processing.dagbag.BundleDagBag","filename":"dagbag.py","lineno":469}
{"timestamp":"2026-07-19T18:24:40.024423Z","level":"info","event":"Filling up the DagBag from /opt/airflow/dags/9_schedule_cron.py","logger":"airflow.dag_processing.dagbag.BundleDagBag","filename":"dagbag.py","lineno":469}
{"timestamp":"2026-07-19T18:25:10.851762Z","level":"info","event":"Filling up the DagBag from /opt/airflow/dags/9_schedule_cron.py","logger":"airflow.dag_processing.dagbag.BundleDagBag","filename":"dagbag.py","lineno":469}
{"timestamp":"2026-07-19T18:25:41.688183Z","level":"info","event":"Filling up the DagBag from /opt/airflow/dags/9_schedule_cron.py","logger":"airflow.dag_processing.dagbag.BundleDagBag","filename":"dagbag.py","lineno":469}
{"timestamp":"2026-07-19T18:26:12.285976Z","level":"info","event":"Filling up the DagBag from /opt/airflow/dags/9_schedule_cron.py","logger":"airflow.dag_processing.dagbag.BundleDagBag","filename":"dagbag.py","lineno":469}
{"timestamp":"2026-07-19T18:26:43.204683Z","level":"info","event":"Filling up the DagBag from /opt/airflow/dags/9_schedule_cron.py","logger":"airflow.dag_processing.dagbag.BundleDagBag","filename":"dagbag.py","lineno":469}
{"timestamp":"2026-07-19T18:27:13.928909Z","level":"info","event":"Filling up the DagBag from /opt/airflow/dags/9_schedule_cron.py","logger":"airflow.dag_processing.dagbag.BundleDagBag","filename":"dagbag.py","lineno":469}
{"timestamp":"2026-07-19T18:27:44.682845Z","level":"info","event":"Filling up the DagBag from /opt/airflow/dags/9_schedule_cron.py","logger":"airflow.dag_processing.dagbag.BundleDagBag","filename":"dagbag.py","lineno":469}
{"timestamp":"2026-07-19T18:28:15.392277Z","level":"info","event":"Filling up the DagBag from /opt/airflow/dags/9_schedule_cron.py","logger":"airflow.dag_processing.dagbag.BundleDagBag","filename":"dagbag.py","lineno":469}
{"timestamp":"2026-07-19T18:28:46.131441Z","level":"info","event":"Filling up the DagBag from /opt/airflow/dags/9_schedule_cron.py","logger":"airflow.dag_processing.dagbag.BundleDagBag","filename":"dagbag.py","lineno":469}
{"timestamp":"2026-07-19T18:29:16.752957Z","level":"info","event":"Filling up the DagBag from /opt/airflow/dags/9_schedule_cron.py","logger":"airflow.dag_processing.dagbag.BundleDagBag","filename":"dagbag.py","lineno":469}
{"timestamp":"2026-07-19T18:29:47.417941Z","level":"info","event":"Filling up the DagBag from /opt/airflow/dags/9_schedule_cron.py","logger":"airflow.dag_processing.dagbag.BundleDagBag","filename":"dagbag.py","lineno":469}
{"timestamp":"2026-07-19T18:30:18.268291Z","level":"info","event":"Filling up the DagBag from /opt/airflow/dags/9_schedule_cron.py","logger":"airflow.dag_processing.dagbag.BundleDagBag","filename":"dagbag.py","lineno":469}
{"timestamp":"2026-07-19T18:30:49.152015Z","level":"info","event":"Filling up the DagBag from /opt/airflow/dags/9_schedule_cron.py","logger":"airflow.dag_processing.dagbag.BundleDagBag","filename":"dagbag.py","lineno":469}
{"timestamp":"2026-07-19T18:31:19.970425Z","level":"info","event":"Filling up the DagBag from /opt/airflow/dags/9_schedule_cron.py","logger":"airflow.dag_processing.dagbag.BundleDagBag","filename":"dagbag.py","lineno":469}
{"timestamp":"2026-07-19T18:31:50.691251Z","level":"info","event":"Filling up the DagBag from /opt/airflow/dags/9_schedule_cron.py","logger":"airflow.dag_processing.dagbag.BundleDagBag","filename":"dagbag.py","lineno":469}
{"timestamp":"2026-07-19T18:32:21.563054Z","level":"info","event":"Filling up the DagBag from /opt/airflow/dags/9_schedule_cron.py","logger":"airflow.dag_processing.dagbag.BundleDagBag","filename":"dagbag.py","lineno":469}
{"timestamp":"2026-07-19T18:32:52.414600Z","level":"info","event":"Filling up the DagBag from /opt/airflow/dags/9_schedule_cron.py","logger":"airflow.dag_processing.dagbag.BundleDagBag","filename":"dagbag.py","lineno":469}
{"timestamp":"2026-07-19T18:33:23.195693Z","level":"info","event":"Filling up the DagBag from /opt/airflow/dags/9_schedule_cron.py","logger":"airflow.dag_processing.dagbag.BundleDagBag","filename":"dagbag.py","lineno":469}
{"timestamp":"2026-07-19T18:33:54.012491Z","level":"info","event":"Filling up the DagBag from /opt/airflow/dags/9_schedule_cron.py","logger":"airflow.dag_processing.dagbag.BundleDagBag","filename":"dagbag.py","lineno":469}
{"timestamp":"2026-07-19T18:34:24.769692Z","level":"info","event":"Filling up the DagBag from /opt/airflow/dags/9_schedule_cron.py","logger":"airflow.dag_processing.dagbag.BundleDagBag","filename":"dagbag.py","lineno":469}
{"timestamp":"2026-07-19T18:34:55.796420Z","level":"info","event":"Filling up the DagBag from /opt/airflow/dags/9_schedule_cron.py","logger":"airflow.dag_processing.dagbag.BundleDagBag","filename":"dagbag.py","lineno":469}
{"timestamp":"2026-07-19T18:35:26.310031Z","level":"info","event":"Filling up the DagBag from /opt/airflow/dags/9_schedule_cron.py","logger":"airflow.dag_processing.dagbag.BundleDagBag","filename":"dagbag.py","lineno":469}
{"timestamp":"2026-07-19T18:35:57.279938Z","level":"info","event":"Filling up the DagBag from /opt/airflow/dags/9_schedule_cron.py","logger":"airflow.dag_processing.dagbag.BundleDagBag","filename":"dagbag.py","lineno":469}
{"timestamp":"2026-07-19T18:36:27.530738Z","level":"info","event":"Filling up the DagBag from /opt/airflow/dags/9_schedule_cron.py","logger":"airflow.dag_processing.dagbag.BundleDagBag","filename":"dagbag.py","lineno":469}
{"timestamp":"2026-07-19T18:36:57.928270Z","level":"info","event":"Filling up the DagBag from /opt/airflow/dags/9_schedule_cron.py","logger":"airflow.dag_processing.dagbag.BundleDagBag","filename":"dagbag.py","lineno":469}
{"timestamp":"2026-07-19T18:37:28.358175Z","level":"info","event":"Filling up the DagBag from /opt/airflow/dags/9_schedule_cron.py","logger":"airflow.dag_processing.dagbag.BundleDagBag","filename":"dagbag.py","lineno":469}
{"timestamp":"2026-07-19T18:37:59.624066Z","level":"info","event":"Filling up the DagBag from /opt/airflow/dags/9_schedule_cron.py","logger":"airflow.dag_processing.dagbag.BundleDagBag","filename":"dagbag.py","lineno":469}
{"timestamp":"2026-07-19T18:38:30.645872Z","level":"info","event":"Filling up the DagBag from /opt/airflow/dags/9_schedule_cron.py","logger":"airflow.dag_processing.dagbag.BundleDagBag","filename":"dagbag.py","lineno":469}
{"timestamp":"2026-07-19T18:39:01.692752Z","level":"info","event":"Filling up the DagBag from /opt/airflow/dags/9_schedule_cron.py","logger":"airflow.dag_processing.dagbag.BundleDagBag","filename":"dagbag.py","lineno":469}
{"timestamp":"2026-07-19T18:39:32.289569Z","level":"info","event":"Filling up the DagBag from /opt/airflow/dags/9_schedule_cron.py","logger":"airflow.dag_processing.dagbag.BundleDagBag","filename":"dagbag.py","lineno":469}
{"timestamp":"2026-07-19T18:40:02.534236Z","level":"info","event":"Filling up the DagBag from /opt/airflow/dags/9_schedule_cron.py","logger":"airflow.dag_processing.dagbag.BundleDagBag","filename":"dagbag.py","lineno":469}
{"timestamp":"2026-07-19T18:40:32.943350Z","level":"info","event":"Filling up the DagBag from /opt/airflow/dags/9_schedule_cron.py","logger":"airflow.dag_processing.dagbag.BundleDagBag","filename":"dagbag.py","lineno":469}
